Info: Starting: Create simulation model
Info: qsys-generate C:\Users\tomas\Downloads\CodeGenerated\C5G\C5G\NCO.qsys --simulation=VHDL --allow-mixed-language-simulation --output-directory=C:\Users\tomas\Downloads\CodeGenerated\C5G\C5G\NCO\simulation --family="Cyclone V" --part=5CGXFC5C6F27C7
Progress: Loading C5G/NCO.qsys
Progress: Reading input file
Progress: Adding nco_ii_0 [altera_nco_ii 15.1]
Progress: Parameterizing module nco_ii_0
Progress: Building connections
Progress: Parameterizing connections
Progress: Validating
Progress: Done reading input file
Info: NCO: Generating NCO "NCO" for SIM_VHDL
Info: nco_ii_0: "NCO" instantiated altera_nco_ii "nco_ii_0"
Info: NCO: Done "NCO" with 2 modules, 5 files
Info: qsys-generate succeeded.
Info: Finished: Create simulation model
Info: Starting: Create Modelsim Project.
Info: sim-script-gen --spd=C:\Users\tomas\Downloads\CodeGenerated\C5G\C5G\NCO\NCO.spd --output-directory=C:/Users/tomas/Downloads/CodeGenerated/C5G/C5G/NCO/simulation/ --use-relative-paths=true
Info: Doing: ip-make-simscript --spd=C:\Users\tomas\Downloads\CodeGenerated\C5G\C5G\NCO\NCO.spd --output-directory=C:/Users/tomas/Downloads/CodeGenerated/C5G/C5G/NCO/simulation/ --use-relative-paths=true
Info: Generating the following file(s) for MODELSIM simulator in C:/Users/tomas/Downloads/CodeGenerated/C5G/C5G/NCO/simulation/ directory:
Info: 	mentor/msim_setup.tcl
Info: Skipping VCS script generation since VHDL file $QUARTUS_INSTALL_DIR/eda/sim_lib/altera_syn_attributes.vhd is required for simulation
Info: Generating the following file(s) for VCSMX simulator in C:/Users/tomas/Downloads/CodeGenerated/C5G/C5G/NCO/simulation/ directory:
Info: 	synopsys/vcsmx/synopsys_sim.setup
Info: 	synopsys/vcsmx/vcsmx_setup.sh
Info: Generating the following file(s) for NCSIM simulator in C:/Users/tomas/Downloads/CodeGenerated/C5G/C5G/NCO/simulation/ directory:
Info: 	cadence/cds.lib
Info: 	cadence/hdl.var
Info: 	cadence/ncsim_setup.sh
Info: 	1 .cds.lib files in cadence/cds_libs/ directory
Info: Generating the following file(s) for RIVIERA simulator in C:/Users/tomas/Downloads/CodeGenerated/C5G/C5G/NCO/simulation/ directory:
Info: 	aldec/rivierapro_setup.tcl
Info: For information on how to simulate your IP, see the explanatory comments in the simulator-specific subdirectories under C:/Users/tomas/Downloads/CodeGenerated/C5G/C5G/NCO/simulation/.
Info: Finished: Create Modelsim Project.
Info: Starting: Create block symbol file (.bsf)
Info: qsys-generate C:\Users\tomas\Downloads\CodeGenerated\C5G\C5G\NCO.qsys --block-symbol-file --output-directory=C:\Users\tomas\Downloads\CodeGenerated\C5G\C5G\NCO --family="Cyclone V" --part=5CGXFC5C6F27C7
Progress: Loading C5G/NCO.qsys
Progress: Reading input file
Progress: Adding nco_ii_0 [altera_nco_ii 15.1]
Progress: Parameterizing module nco_ii_0
Progress: Building connections
Progress: Parameterizing connections
Progress: Validating
Progress: Done reading input file
Info: qsys-generate succeeded.
Info: Finished: Create block symbol file (.bsf)
Info: 
Info: Starting: Create HDL design files for synthesis
Info: qsys-generate C:\Users\tomas\Downloads\CodeGenerated\C5G\C5G\NCO.qsys --synthesis=VHDL --output-directory=C:\Users\tomas\Downloads\CodeGenerated\C5G\C5G\NCO\synthesis --family="Cyclone V" --part=5CGXFC5C6F27C7
Progress: Loading C5G/NCO.qsys
Progress: Reading input file
Progress: Adding nco_ii_0 [altera_nco_ii 15.1]
Progress: Parameterizing module nco_ii_0
Progress: Building connections
Progress: Parameterizing connections
Progress: Validating
Progress: Done reading input file
Info: NCO: Generating NCO "NCO" for QUARTUS_SYNTH
Info: nco_ii_0: "NCO" instantiated altera_nco_ii "nco_ii_0"
Info: NCO: Done "NCO" with 2 modules, 19 files
Info: qsys-generate succeeded.
Info: Finished: Create HDL design files for synthesis
