Info: Starting: Create simulation model
Info: qsys-generate C:\Users\tomas\Downloads\CodeGenerated\C5G\C5G\AUDIO.qsys --simulation=VHDL --allow-mixed-language-simulation --output-directory=C:\Users\tomas\Downloads\CodeGenerated\C5G\C5G\AUDIO\simulation --family="Cyclone V" --part=5CGXFC5C6F27C7
Progress: Loading C5G/AUDIO.qsys
Progress: Reading input file
Progress: Adding audio_0 [altera_up_avalon_audio 15.1]
Progress: Parameterizing module audio_0
Progress: Building connections
Progress: Parameterizing connections
Progress: Validating
Progress: Done reading input file
Info: AUDIO: Generating AUDIO "AUDIO" for SIM_VHDL
Info: audio_0: Starting Generation of Audio Controller
Warning: audio_0: No files generated for fileset SIM_VHDL
Info: audio_0: "AUDIO" instantiated altera_up_avalon_audio "audio_0"
Info: AUDIO: Done "AUDIO" with 2 modules, 1 files
Info: qsys-generate succeeded.
Info: Finished: Create simulation model
Info: Starting: Create Modelsim Project.
Info: sim-script-gen --spd=C:\Users\tomas\Downloads\CodeGenerated\C5G\C5G\AUDIO\AUDIO.spd --output-directory=C:/Users/tomas/Downloads/CodeGenerated/C5G/C5G/AUDIO/simulation/ --use-relative-paths=true
Info: Doing: ip-make-simscript --spd=C:\Users\tomas\Downloads\CodeGenerated\C5G\C5G\AUDIO\AUDIO.spd --output-directory=C:/Users/tomas/Downloads/CodeGenerated/C5G/C5G/AUDIO/simulation/ --use-relative-paths=true
Info: Generating the following file(s) for MODELSIM simulator in C:/Users/tomas/Downloads/CodeGenerated/C5G/C5G/AUDIO/simulation/ directory:
Info: 	mentor/msim_setup.tcl
Info: Skipping VCS script generation since VHDL file $QUARTUS_INSTALL_DIR/eda/sim_lib/altera_syn_attributes.vhd is required for simulation
Info: Generating the following file(s) for VCSMX simulator in C:/Users/tomas/Downloads/CodeGenerated/C5G/C5G/AUDIO/simulation/ directory:
Info: 	synopsys/vcsmx/synopsys_sim.setup
Info: 	synopsys/vcsmx/vcsmx_setup.sh
Info: Generating the following file(s) for NCSIM simulator in C:/Users/tomas/Downloads/CodeGenerated/C5G/C5G/AUDIO/simulation/ directory:
Info: 	cadence/cds.lib
Info: 	cadence/hdl.var
Info: 	cadence/ncsim_setup.sh
Info: Generating the following file(s) for RIVIERA simulator in C:/Users/tomas/Downloads/CodeGenerated/C5G/C5G/AUDIO/simulation/ directory:
Info: 	aldec/rivierapro_setup.tcl
Info: For information on how to simulate your IP, see the explanatory comments in the simulator-specific subdirectories under C:/Users/tomas/Downloads/CodeGenerated/C5G/C5G/AUDIO/simulation/.
Info: Finished: Create Modelsim Project.
Info: Starting: Create block symbol file (.bsf)
Info: qsys-generate C:\Users\tomas\Downloads\CodeGenerated\C5G\C5G\AUDIO.qsys --block-symbol-file --output-directory=C:\Users\tomas\Downloads\CodeGenerated\C5G\C5G\AUDIO --family="Cyclone V" --part=5CGXFC5C6F27C7
Progress: Loading C5G/AUDIO.qsys
Progress: Reading input file
Progress: Adding audio_0 [altera_up_avalon_audio 15.1]
Progress: Parameterizing module audio_0
Progress: Building connections
Progress: Parameterizing connections
Progress: Validating
Progress: Done reading input file
Info: qsys-generate succeeded.
Info: Finished: Create block symbol file (.bsf)
Info: 
Info: Starting: Create HDL design files for synthesis
Info: qsys-generate C:\Users\tomas\Downloads\CodeGenerated\C5G\C5G\AUDIO.qsys --synthesis=VHDL --output-directory=C:\Users\tomas\Downloads\CodeGenerated\C5G\C5G\AUDIO\synthesis --family="Cyclone V" --part=5CGXFC5C6F27C7
Progress: Loading C5G/AUDIO.qsys
Progress: Reading input file
Progress: Adding audio_0 [altera_up_avalon_audio 15.1]
Progress: Parameterizing module audio_0
Progress: Building connections
Progress: Parameterizing connections
Progress: Validating
Progress: Done reading input file
Info: AUDIO: Generating AUDIO "AUDIO" for QUARTUS_SYNTH
Info: audio_0: Starting Generation of Audio Controller
Info: audio_0: "AUDIO" instantiated altera_up_avalon_audio "audio_0"
Info: AUDIO: Done "AUDIO" with 2 modules, 7 files
Info: qsys-generate succeeded.
Info: Finished: Create HDL design files for synthesis
