Archive member included to satisfy reference by file (symbol)

/home/tomas/altera_lite/15.1/nios2eds/bin/gnu/H-x86_64-pc-linux-gnu/bin/../lib/gcc/nios2-elf/4.9.2/../../../../../H-x86_64-pc-linux-gnu/nios2-elf/lib/libsmallc.a(lib_a-malloc.o)
                              obj/default/main.o (malloc)
/home/tomas/altera_lite/15.1/nios2eds/bin/gnu/H-x86_64-pc-linux-gnu/bin/../lib/gcc/nios2-elf/4.9.2/../../../../../H-x86_64-pc-linux-gnu/nios2-elf/lib/libsmallc.a(lib_a-nano-freer.o)
                              /home/tomas/altera_lite/15.1/nios2eds/bin/gnu/H-x86_64-pc-linux-gnu/bin/../lib/gcc/nios2-elf/4.9.2/../../../../../H-x86_64-pc-linux-gnu/nios2-elf/lib/libsmallc.a(lib_a-malloc.o) (_free_r)
/home/tomas/altera_lite/15.1/nios2eds/bin/gnu/H-x86_64-pc-linux-gnu/bin/../lib/gcc/nios2-elf/4.9.2/../../../../../H-x86_64-pc-linux-gnu/nios2-elf/lib/libsmallc.a(lib_a-nano-mallocr.o)
                              /home/tomas/altera_lite/15.1/nios2eds/bin/gnu/H-x86_64-pc-linux-gnu/bin/../lib/gcc/nios2-elf/4.9.2/../../../../../H-x86_64-pc-linux-gnu/nios2-elf/lib/libsmallc.a(lib_a-malloc.o) (_malloc_r)
/home/tomas/altera_lite/15.1/nios2eds/bin/gnu/H-x86_64-pc-linux-gnu/bin/../lib/gcc/nios2-elf/4.9.2/../../../../../H-x86_64-pc-linux-gnu/nios2-elf/lib/libsmallc.a(lib_a-printf.o)
                              obj/default/main.o (printf)
/home/tomas/altera_lite/15.1/nios2eds/bin/gnu/H-x86_64-pc-linux-gnu/bin/../lib/gcc/nios2-elf/4.9.2/../../../../../H-x86_64-pc-linux-gnu/nios2-elf/lib/libsmallc.a(lib_a-puts.o)
                              obj/default/main.o (puts)
/home/tomas/altera_lite/15.1/nios2eds/bin/gnu/H-x86_64-pc-linux-gnu/bin/../lib/gcc/nios2-elf/4.9.2/../../../../../H-x86_64-pc-linux-gnu/nios2-elf/lib/libsmallc.a(lib_a-sbrkr.o)
                              /home/tomas/altera_lite/15.1/nios2eds/bin/gnu/H-x86_64-pc-linux-gnu/bin/../lib/gcc/nios2-elf/4.9.2/../../../../../H-x86_64-pc-linux-gnu/nios2-elf/lib/libsmallc.a(lib_a-nano-mallocr.o) (_sbrk_r)
/home/tomas/altera_lite/15.1/nios2eds/bin/gnu/H-x86_64-pc-linux-gnu/bin/../lib/gcc/nios2-elf/4.9.2/../../../../../H-x86_64-pc-linux-gnu/nios2-elf/lib/libsmallc.a(lib_a-strlen.o)
                              /home/tomas/altera_lite/15.1/nios2eds/bin/gnu/H-x86_64-pc-linux-gnu/bin/../lib/gcc/nios2-elf/4.9.2/../../../../../H-x86_64-pc-linux-gnu/nios2-elf/lib/libsmallc.a(lib_a-puts.o) (strlen)
/home/tomas/altera_lite/15.1/nios2eds/bin/gnu/H-x86_64-pc-linux-gnu/bin/../lib/gcc/nios2-elf/4.9.2/../../../../../H-x86_64-pc-linux-gnu/nios2-elf/lib/libsmallc.a(lib_a-vfprintf.o)
                              /home/tomas/altera_lite/15.1/nios2eds/bin/gnu/H-x86_64-pc-linux-gnu/bin/../lib/gcc/nios2-elf/4.9.2/../../../../../H-x86_64-pc-linux-gnu/nios2-elf/lib/libsmallc.a(lib_a-printf.o) (___vfprintf_internal_r)
/home/tomas/altera_lite/15.1/nios2eds/bin/gnu/H-x86_64-pc-linux-gnu/bin/../lib/gcc/nios2-elf/4.9.2/../../../../../H-x86_64-pc-linux-gnu/nios2-elf/lib/libsmallc.a(lib_a-fvwrite_small_dev.o)
                              /home/tomas/altera_lite/15.1/nios2eds/bin/gnu/H-x86_64-pc-linux-gnu/bin/../lib/gcc/nios2-elf/4.9.2/../../../../../H-x86_64-pc-linux-gnu/nios2-elf/lib/libsmallc.a(lib_a-printf.o) (__sfvwrite_small_dev)
/home/tomas/altera_lite/15.1/nios2eds/bin/gnu/H-x86_64-pc-linux-gnu/bin/../lib/gcc/nios2-elf/4.9.2/../../../../../H-x86_64-pc-linux-gnu/nios2-elf/lib/libsmallc.a(lib_a-impure.o)
                              /home/tomas/altera_lite/15.1/nios2eds/bin/gnu/H-x86_64-pc-linux-gnu/bin/../lib/gcc/nios2-elf/4.9.2/../../../../../H-x86_64-pc-linux-gnu/nios2-elf/lib/libsmallc.a(lib_a-malloc.o) (_impure_ptr)
/home/tomas/altera_lite/15.1/nios2eds/bin/gnu/H-x86_64-pc-linux-gnu/bin/../lib/gcc/nios2-elf/4.9.2/../../../../../H-x86_64-pc-linux-gnu/nios2-elf/lib/libsmallc.a(lib_a-int_errno.o)
                              /home/tomas/altera_lite/15.1/nios2eds/bin/gnu/H-x86_64-pc-linux-gnu/bin/../lib/gcc/nios2-elf/4.9.2/../../../../../H-x86_64-pc-linux-gnu/nios2-elf/lib/libsmallc.a(lib_a-sbrkr.o) (errno)
/home/tomas/altera_lite/15.1/nios2eds/bin/gnu/H-x86_64-pc-linux-gnu/bin/../lib/gcc/nios2-elf/4.9.2/../../../../../H-x86_64-pc-linux-gnu/nios2-elf/lib/libsmallc.a(lib_a-writer.o)
                              /home/tomas/altera_lite/15.1/nios2eds/bin/gnu/H-x86_64-pc-linux-gnu/bin/../lib/gcc/nios2-elf/4.9.2/../../../../../H-x86_64-pc-linux-gnu/nios2-elf/lib/libsmallc.a(lib_a-fvwrite_small_dev.o) (_write_r)
/home/tomas/altera_lite/15.1/nios2eds/bin/gnu/H-x86_64-pc-linux-gnu/bin/../lib/gcc/nios2-elf/4.9.2/libgcc.a(lib2-divmod.o)
                              /home/tomas/altera_lite/15.1/nios2eds/bin/gnu/H-x86_64-pc-linux-gnu/bin/../lib/gcc/nios2-elf/4.9.2/../../../../../H-x86_64-pc-linux-gnu/nios2-elf/lib/libsmallc.a(lib_a-vfprintf.o) (__udivsi3)
../uart_bsp//libhal_bsp.a(alt_load.o)
                              ../uart_bsp//obj/HAL/src/crt0.o (alt_load)
../uart_bsp//libhal_bsp.a(alt_main.o)
                              ../uart_bsp//obj/HAL/src/crt0.o (alt_main)
[...]
Memory Configuration

Name             Origin             Length             Attributes
mem_if_lpddr2_emif_0 0x0000000000000000 0x0000000020000000
reset            0x0000000020008000 0x0000000000000020
onchip_mem       0x0000000020008020 0x0000000000007fe0
*default*        0x0000000000000000 0xffffffffffffffff

Linker script and memory map

LOAD ../uart_bsp//obj/HAL/src/crt0.o
LOAD obj/default/main.o
LOAD /home/tomas/altera_lite/15.1/nios2eds/bin/gnu/H-x86_64-pc-linux-gnu/bin/../lib/gcc/nios2-elf/4.9.2/../../../../../H-x86_64-pc-linux-gnu/nios2-elf/lib/libstdc++.a
LOAD /home/tomas/altera_lite/15.1/nios2eds/bin/gnu/H-x86_64-pc-linux-gnu/bin/../lib/gcc/nios2-elf/4.9.2/../../../../../H-x86_64-pc-linux-gnu/nios2-elf/lib/libm.a
LOAD /home/tomas/altera_lite/15.1/nios2eds/bin/gnu/H-x86_64-pc-linux-gnu/bin/../lib/gcc/nios2-elf/4.9.2/libgcc.a
START GROUP
LOAD /home/tomas/altera_lite/15.1/nios2eds/bin/gnu/H-x86_64-pc-linux-gnu/bin/../lib/gcc/nios2-elf/4.9.2/../../../../../H-x86_64-pc-linux-gnu/nios2-elf/lib/libsmallc.a
LOAD /home/tomas/altera_lite/15.1/nios2eds/bin/gnu/H-x86_64-pc-linux-gnu/bin/../lib/gcc/nios2-elf/4.9.2/libgcc.a
LOAD ../uart_bsp//libhal_bsp.a
LOAD /home/tomas/altera_lite/15.1/nios2eds/bin/gnu/H-x86_64-pc-linux-gnu/bin/../lib/gcc/nios2-elf/4.9.2/../../../../../H-x86_64-pc-linux-gnu/nios2-elf/lib/libm.a
END GROUP
LOAD /home/tomas/altera_lite/15.1/nios2eds/bin/gnu/H-x86_64-pc-linux-gnu/bin/../lib/gcc/nios2-elf/4.9.2/libgcc.a
                0x0000000000000000                __alt_mem_mem_if_lpddr2_emif_0 = 0x0
                0x0000000020008000                __alt_mem_onchip_mem = 0x20008000

.entry          0x0000000020008000       0x20
 *(.entry)
 .entry         0x0000000020008000       0x20 ../uart_bsp//obj/HAL/src/crt0.o
                0x0000000020008000                __reset

.exceptions     0x0000000020008020      0x16c
                0x0000000020008020                PROVIDE (__ram_exceptions_start, ABSOLUTE (.))
                0x0000000020008020                . = ALIGN (0x20)
 *(.irq)
 *(.exceptions.entry.label)
 .exceptions.entry.label
                0x0000000020008020        0x0 ../uart_bsp//libhal_bsp.a(alt_irq_entry.o)
                0x0000000020008020                alt_irq_entry
 .exceptions.entry.label
                0x0000000020008020        0x0 ../uart_bsp//libhal_bsp.a(alt_exception_entry.o)
                0x0000000020008020                alt_exception
 *(.exceptions.entry.user)
 *(.exceptions.entry.ecc_fatal)
 *(.exceptions.entry)
 .exceptions.entry
                0x0000000020008020       0x54 ../uart_bsp//libhal_bsp.a(alt_exception_entry.o)
 *(.exceptions.irqtest.user)
 *(.exceptions.irqtest)
 .exceptions.irqtest
                0x0000000020008074       0x10 ../uart_bsp//libhal_bsp.a(alt_irq_entry.o)
 *(.exceptions.irqhandler.user)
 *(.exceptions.irqhandler)
 .exceptions.irqhandler
                0x0000000020008084        0x4 ../uart_bsp//libhal_bsp.a(alt_irq_entry.o)
 *(.exceptions.irqreturn.user)
 *(.exceptions.irqreturn)
 .exceptions.irqreturn
                0x0000000020008088        0x4 ../uart_bsp//libhal_bsp.a(alt_irq_entry.o)
 *(.exceptions.notirq.label)
 .exceptions.notirq.label
                0x000000002000808c        0x0 ../uart_bsp//libhal_bsp.a(alt_irq_entry.o)
 *(.exceptions.notirq.user)
 *(.exceptions.notirq)
 .exceptions.notirq
                0x000000002000808c        0x8 ../uart_bsp//libhal_bsp.a(alt_exception_entry.o)
 *(.exceptions.soft.user)
 *(.exceptions.soft)
 *(.exceptions.unknown.user)
 *(.exceptions.unknown)
 .exceptions.unknown
                0x0000000020008094       0x14 ../uart_bsp//libhal_bsp.a(alt_exception_entry.o)
 *(.exceptions.exit.label)
 .exceptions.exit.label
                0x00000000200080a8        0x0 ../uart_bsp//libhal_bsp.a(alt_irq_entry.o)
 .exceptions.exit.label
                0x00000000200080a8        0x0 ../uart_bsp//libhal_bsp.a(alt_exception_entry.o)
 *(.exceptions.exit.user)
 *(.exceptions.exit)
 .exceptions.exit
                0x00000000200080a8       0x54 ../uart_bsp//libhal_bsp.a(alt_exception_entry.o)
 *(.exceptions)
 .exceptions    0x00000000200080fc       0x64 ../uart_bsp//libhal_bsp.a(alt_irq_handler.o)
                0x00000000200080fc                alt_irq_handler
 .exceptions    0x0000000020008160       0x2c ../uart_bsp//libhal_bsp.a(alt_instruction_exception_entry.o)
                0x0000000020008160                alt_instruction_exception_entry
                0x000000002000818c                PROVIDE (__ram_exceptions_end, ABSOLUTE (.))
                0x0000000020008020                PROVIDE (__flash_exceptions_start, LOADADDR (.exceptions))

.text           0x000000002000818c     0x2bd8
                0x000000002000818c                PROVIDE (stext, ABSOLUTE (.))
 *(.interp)
 *(.hash)
 *(.dynsym)
 *(.dynstr)
 *(.gnu.version)
 *(.gnu.version_d)
 *(.gnu.version_r)
 *(.rel.init)
 *(.rela.init)
 *(.rel.text .rel.text.* .rel.gnu.linkonce.t.*)
 *(.rela.text .rela.text.* .rela.gnu.linkonce.t.*)
 *(.rel.fini)
 *(.rela.fini)
 *(.rel.rodata .rel.rodata.* .rel.gnu.linkonce.r.*)
 *(.rela.rodata .rela.rodata.* .rela.gnu.linkonce.r.*)
 *(.rel.data .rel.data.* .rel.gnu.linkonce.d.*)
 *(.rela.data .rela.data.* .rela.gnu.linkonce.d.*)
 *(.rel.tdata .rel.tdata.* .rel.gnu.linkonce.td.*)
 *(.rela.tdata .rela.tdata.* .rela.gnu.linkonce.td.*)
 *(.rel.tbss .rel.tbss.* .rel.gnu.linkonce.tb.*)
 *(.rela.tbss .rela.tbss.* .rela.gnu.linkonce.tb.*)
 *(.rel.ctors)
 *(.rela.ctors)
 *(.rel.dtors)
 *(.rela.dtors)
 *(.rel.got)
 *(.rela.got)
 *(.rel.sdata .rel.sdata.* .rel.gnu.linkonce.s.*)
 *(.rela.sdata .rela.sdata.* .rela.gnu.linkonce.s.*)
 *(.rel.sbss .rel.sbss.* .rel.gnu.linkonce.sb.*)
 *(.rela.sbss .rela.sbss.* .rela.gnu.linkonce.sb.*)
 *(.rel.sdata2 .rel.sdata2.* .rel.gnu.linkonce.s2.*)
 *(.rela.sdata2 .rela.sdata2.* .rela.gnu.linkonce.s2.*)
 *(.rel.sbss2 .rel.sbss2.* .rel.gnu.linkonce.sb2.*)
 *(.rela.sbss2 .rela.sbss2.* .rela.gnu.linkonce.sb2.*)
 *(.rel.bss .rel.bss.* .rel.gnu.linkonce.b.*)
 *(.rela.bss .rela.bss.* .rela.gnu.linkonce.b.*)
 *(.rel.plt)
 *(.rela.plt)
 *(.rel.dyn)
 *(.init)
 *(.plt)
 *(.text .stub .text.* .gnu.linkonce.t.*)
 .text          0x000000002000818c       0x3c ../uart_bsp//obj/HAL/src/crt0.o
                0x000000002000818c                _start
 .text          0x00000000200081c8      0x9c8 obj/default/main.o
                0x00000000200081c8                transmit_callback_function
                0x00000000200081f4                receive_callback_function
                0x0000000020008348                descriptor_allocation
                0x0000000020008490                readall
                0x0000000020008520                main
 .text          0x0000000020008b90        0x0 /home/tomas/altera_lite/15.1/nios2eds/bin/gnu/H-x86_64-pc-linux-gnu/bin/../lib/gcc/nios2-elf/4.9.2/../../../../../H-x86_64-pc-linux-gnu/nios2-elf/lib/libsmallc.a(lib_a-malloc.o)
 .text.malloc   0x0000000020008b90       0x14 /home/tomas/altera_lite/15.1/nios2eds/bin/gnu/H-x86_64-pc-linux-gnu/bin/../lib/gcc/nios2-elf/4.9.2/../../../../../H-x86_64-pc-linux-gnu/nios2-elf/lib/libsmallc.a(lib_a-malloc.o)
                0x0000000020008b90                malloc
 .text.free     0x0000000020008ba4       0x14 /home/tomas/altera_lite/15.1/nios2eds/bin/gnu/H-x86_64-pc-linux-gnu/bin/../lib/gcc/nios2-elf/4.9.2/../../../../../H-x86_64-pc-linux-gnu/nios2-elf/lib/libsmallc.a(lib_a-malloc.o)
                0x0000000020008ba4                free
 .text          0x0000000020008bb8        0x0 /home/tomas/altera_lite/15.1/nios2eds/bin/gnu/H-x86_64-pc-linux-gnu/bin/../lib/gcc/nios2-elf/4.9.2/../../../../../H-x86_64-pc-linux-gnu/nios2-elf/lib/libsmallc.a(lib_a-nano-freer.o)
 .text._free_r  0x0000000020008bb8       0xe4 /home/tomas/altera_lite/15.1/nios2eds/bin/gnu/H-x86_64-pc-linux-gnu/bin/../lib/gcc/nios2-elf/4.9.2/../../../../../H-x86_64-pc-linux-gnu/nios2-elf/lib/libsmallc.a(lib_a-nano-freer.o)
                0x0000000020008bb8                _free_r
 .text          0x0000000020008c9c        0x0 /home/tomas/altera_lite/15.1/nios2eds/bin/gnu/H-x86_64-pc-linux-gnu/bin/../lib/gcc/nios2-elf/4.9.2/../../../../../H-x86_64-pc-linux-gnu/nios2-elf/lib/libsmallc.a(lib_a-nano-mallocr.o)
 .text._malloc_r
                0x0000000020008c9c      0x15c /home/tomas/altera_lite/15.1/nios2eds/bin/gnu/H-x86_64-pc-linux-gnu/bin/../lib/gcc/nios2-elf/4.9.2/../../../../../H-x86_64-pc-linux-gnu/nios2-elf/lib/libsmallc.a(lib_a-nano-mallocr.o)
                0x0000000020008c9c                _malloc_r
 .text          0x0000000020008df8        0x0 /home/tomas/altera_lite/15.1/nios2eds/bin/gnu/H-x86_64-pc-linux-gnu/bin/../lib/gcc/nios2-elf/4.9.2/../../../../../H-x86_64-pc-linux-gnu/nios2-elf/lib/libsmallc.a(lib_a-printf.o)
 .text._printf_r
                0x0000000020008df8       0x3c /home/tomas/altera_lite/15.1/nios2eds/bin/gnu/H-x86_64-pc-linux-gnu/bin/../lib/gcc/nios2-elf/4.9.2/../../../../../H-x86_64-pc-linux-gnu/nios2-elf/lib/libsmallc.a(lib_a-printf.o)
                0x0000000020008df8                _printf_r
 .text.printf   0x0000000020008e34       0x4c /home/tomas/altera_lite/15.1/nios2eds/bin/gnu/H-x86_64-pc-linux-gnu/bin/../lib/gcc/nios2-elf/4.9.2/../../../../../H-x86_64-pc-linux-gnu/nios2-elf/lib/libsmallc.a(lib_a-printf.o)
                0x0000000020008e34                printf
 .text          0x0000000020008e80        0x0 /home/tomas/altera_lite/15.1/nios2eds/bin/gnu/H-x86_64-pc-linux-gnu/bin/../lib/gcc/nios2-elf/4.9.2/../../../../../H-x86_64-pc-linux-gnu/nios2-elf/lib/libsmallc.a(lib_a-puts.o)
 .text._puts_r  0x0000000020008e80       0x80 /home/tomas/altera_lite/15.1/nios2eds/bin/gnu/H-x86_64-pc-linux-gnu/bin/../lib/gcc/nios2-elf/4.9.2/../../../../../H-x86_64-pc-linux-gnu/nios2-elf/lib/libsmallc.a(lib_a-puts.o)
                0x0000000020008e80                _puts_r
 .text.puts     0x0000000020008f00       0x14 /home/tomas/altera_lite/15.1/nios2eds/bin/gnu/H-x86_64-pc-linux-gnu/bin/../lib/gcc/nios2-elf/4.9.2/../../../../../H-x86_64-pc-linux-gnu/nios2-elf/lib/libsmallc.a(lib_a-puts.o)
                0x0000000020008f00                puts
 .text          0x0000000020008f14        0x0 /home/tomas/altera_lite/15.1/nios2eds/bin/gnu/H-x86_64-pc-linux-gnu/bin/../lib/gcc/nios2-elf/4.9.2/../../../../../H-x86_64-pc-linux-gnu/nios2-elf/lib/libsmallc.a(lib_a-sbrkr.o)
 .text._sbrk_r  0x0000000020008f14       0x50 /home/tomas/altera_lite/15.1/nios2eds/bin/gnu/H-x86_64-pc-linux-gnu/bin/../lib/gcc/nios2-elf/4.9.2/../../../../../H-x86_64-pc-linux-gnu/nios2-elf/lib/libsmallc.a(lib_a-sbrkr.o)
                0x0000000020008f14                _sbrk_r
 .text          0x0000000020008f64        0x0 /home/tomas/altera_lite/15.1/nios2eds/bin/gnu/H-x86_64-pc-linux-gnu/bin/../lib/gcc/nios2-elf/4.9.2/../../../../../H-x86_64-pc-linux-gnu/nios2-elf/lib/libsmallc.a(lib_a-strlen.o)
 .text.strlen   0x0000000020008f64       0x1c /home/tomas/altera_lite/15.1/nios2eds/bin/gnu/H-x86_64-pc-linux-gnu/bin/../lib/gcc/nios2-elf/4.9.2/../../../../../H-x86_64-pc-linux-gnu/nios2-elf/lib/libsmallc.a(lib_a-strlen.o)
                0x0000000020008f64                strlen
 .text          0x0000000020008f80        0x0 /home/tomas/altera_lite/15.1/nios2eds/bin/gnu/H-x86_64-pc-linux-gnu/bin/../lib/gcc/nios2-elf/4.9.2/../../../../../H-x86_64-pc-linux-gnu/nios2-elf/lib/libsmallc.a(lib_a-vfprintf.o)
 .text.print_repeat
                0x0000000020008f80       0x6c /home/tomas/altera_lite/15.1/nios2eds/bin/gnu/H-x86_64-pc-linux-gnu/bin/../lib/gcc/nios2-elf/4.9.2/../../../../../H-x86_64-pc-linux-gnu/nios2-elf/lib/libsmallc.a(lib_a-vfprintf.o)
 .text.___vfprintf_internal_r
                0x0000000020008fec      0x544 /home/tomas/altera_lite/15.1/nios2eds/bin/gnu/H-x86_64-pc-linux-gnu/bin/../lib/gcc/nios2-elf/4.9.2/../../../../../H-x86_64-pc-linux-gnu/nios2-elf/lib/libsmallc.a(lib_a-vfprintf.o)
                0x0000000020008fec                ___vfprintf_internal_r
 .text.__vfprintf_internal
                0x0000000020009530       0x24 /home/tomas/altera_lite/15.1/nios2eds/bin/gnu/H-x86_64-pc-linux-gnu/bin/../lib/gcc/nios2-elf/4.9.2/../../../../../H-x86_64-pc-linux-gnu/nios2-elf/lib/libsmallc.a(lib_a-vfprintf.o)
                0x0000000020009530                __vfprintf_internal
 .text          0x0000000020009554        0x0 /home/tomas/altera_lite/15.1/nios2eds/bin/gnu/H-x86_64-pc-linux-gnu/bin/../lib/gcc/nios2-elf/4.9.2/../../../../../H-x86_64-pc-linux-gnu/nios2-elf/lib/libsmallc.a(lib_a-fvwrite_small_dev.o)
 .text.__sfvwrite_small_dev
                0x0000000020009554       0xac /home/tomas/altera_lite/15.1/nios2eds/bin/gnu/H-x86_64-pc-linux-gnu/bin/../lib/gcc/nios2-elf/4.9.2/../../../../../H-x86_64-pc-linux-gnu/nios2-elf/lib/libsmallc.a(lib_a-fvwrite_small_dev.o)
                0x0000000020009554                __sfvwrite_small_dev
 .text          0x0000000020009600        0x0 /home/tomas/altera_lite/15.1/nios2eds/bin/gnu/H-x86_64-pc-linux-gnu/bin/../lib/gcc/nios2-elf/4.9.2/../../../../../H-x86_64-pc-linux-gnu/nios2-elf/lib/libsmallc.a(lib_a-impure.o)
 .text          0x0000000020009600        0x0 /home/tomas/altera_lite/15.1/nios2eds/bin/gnu/H-x86_64-pc-linux-gnu/bin/../lib/gcc/nios2-elf/4.9.2/../../../../../H-x86_64-pc-linux-gnu/nios2-elf/lib/libsmallc.a(lib_a-int_errno.o)
 .text          0x0000000020009600        0x0 /home/tomas/altera_lite/15.1/nios2eds/bin/gnu/H-x86_64-pc-linux-gnu/bin/../lib/gcc/nios2-elf/4.9.2/../../../../../H-x86_64-pc-linux-gnu/nios2-elf/lib/libsmallc.a(lib_a-writer.o)
 .text._write_r
                0x0000000020009600       0x58 /home/tomas/altera_lite/15.1/nios2eds/bin/gnu/H-x86_64-pc-linux-gnu/bin/../lib/gcc/nios2-elf/4.9.2/../../../../../H-x86_64-pc-linux-gnu/nios2-elf/lib/libsmallc.a(lib_a-writer.o)
                0x0000000020009600                _write_r
 .text          0x0000000020009658      0x12c /home/tomas/altera_lite/15.1/nios2eds/bin/gnu/H-x86_64-pc-linux-gnu/bin/../lib/gcc/nios2-elf/4.9.2/libgcc.a(lib2-divmod.o)
                0x00000000200096c4                __divsi3
                0x0000000020009718                __modsi3
                0x0000000020009774                __udivsi3
                0x000000002000977c                __umodsi3
 .text          0x0000000020009784       0xf8 ../uart_bsp//libhal_bsp.a(alt_load.o)
                0x0000000020009784                alt_load
 .text          0x000000002000987c       0x50 ../uart_bsp//libhal_bsp.a(alt_main.o)
                0x000000002000987c                alt_main
 .text          0x00000000200098cc      0x180 ../uart_bsp//libhal_bsp.a(alt_open.o)
                0x00000000200098cc                open
 .text          0x0000000020009a4c       0xac ../uart_bsp//libhal_bsp.a(alt_read.o)
                0x0000000020009a6c                read
 .text          0x0000000020009af8       0x24 ../uart_bsp//libhal_bsp.a(alt_release_fd.o)
                0x0000000020009af8                alt_release_fd
 .text          0x0000000020009b1c       0x4c ../uart_bsp//libhal_bsp.a(alt_sbrk.o)
                0x0000000020009b1c                sbrk
 .text          0x0000000020009b68       0xa8 ../uart_bsp//libhal_bsp.a(alt_write.o)
                0x0000000020009b88                write
 .text          0x0000000020009c10       0xa0 ../uart_bsp//libhal_bsp.a(alt_sys_init.o)
                0x0000000020009c10                alt_irq_init
                0x0000000020009c30                alt_sys_init
 .text          0x0000000020009cb0       0x28 ../uart_bsp//libhal_bsp.a(altera_avalon_jtag_uart_fd.o)
                0x0000000020009cb0                altera_avalon_jtag_uart_read_fd
                0x0000000020009cc4                altera_avalon_jtag_uart_write_fd
 .text          0x0000000020009cd8       0x5c ../uart_bsp//libhal_bsp.a(altera_avalon_jtag_uart_read.o)
                0x0000000020009cd8                altera_avalon_jtag_uart_read
 .text          0x0000000020009d34       0x34 ../uart_bsp//libhal_bsp.a(altera_avalon_jtag_uart_write.o)
                0x0000000020009d34                altera_avalon_jtag_uart_write
 .text          0x0000000020009d68      0x5d4 ../uart_bsp//libhal_bsp.a(altera_avalon_sgdma.o)
                0x0000000020009dc4                alt_avalon_sgdma_do_async_transfer
                0x0000000020009e40                alt_avalon_sgdma_do_sync_transfer
                0x0000000020009ec0                alt_avalon_sgdma_register_callback
                0x0000000020009ed0                alt_avalon_sgdma_start
                0x0000000020009ee8                alt_avalon_sgdma_stop
                0x0000000020009f04                alt_avalon_sgdma_check_descriptor_status
                0x0000000020009f30                alt_avalon_sgdma_open
                0x0000000020009f88                alt_avalon_sgdma_enable_desc_poll
                0x0000000020009fb8                alt_avalon_sgdma_disable_desc_poll
                0x0000000020009fd8                alt_avalon_sgdma_construct_descriptor_burst
                0x000000002000a0ec                alt_avalon_sgdma_construct_mem_to_mem_desc_burst
                0x000000002000a134                alt_avalon_sgdma_construct_mem_to_mem_desc
                0x000000002000a16c                alt_avalon_sgdma_construct_stream_to_mem_desc_burst
                0x000000002000a1b8                alt_avalon_sgdma_construct_stream_to_mem_desc
                0x000000002000a1e0                alt_avalon_sgdma_construct_mem_to_stream_desc_burst
                0x000000002000a230                alt_avalon_sgdma_construct_mem_to_stream_desc
                0x000000002000a270                alt_avalon_sgdma_construct_descriptor
                0x000000002000a2b8                alt_avalon_sgdma_init
 .text          0x000000002000a33c       0x8c ../uart_bsp//libhal_bsp.a(altera_avalon_timer_sc.o)
                0x000000002000a378                alt_avalon_timer_sc_init
 .text          0x000000002000a3c8       0x28 ../uart_bsp//libhal_bsp.a(altera_avalon_uart_fd.o)
                0x000000002000a3c8                altera_avalon_uart_read_fd
                0x000000002000a3dc                altera_avalon_uart_write_fd
 .text          0x000000002000a3f0       0x8c ../uart_bsp//libhal_bsp.a(altera_avalon_uart_read.o)
                0x000000002000a3f0                altera_avalon_uart_read
 .text          0x000000002000a47c       0x90 ../uart_bsp//libhal_bsp.a(altera_avalon_uart_write.o)
                0x000000002000a47c                altera_avalon_uart_write
 .text          0x000000002000a50c       0xc4 ../uart_bsp//libhal_bsp.a(alt_close.o)
                0x000000002000a50c                close
 .text          0x000000002000a5d0        0x4 ../uart_bsp//libhal_bsp.a(alt_dcache_flush.o)
                0x000000002000a5d0                alt_dcache_flush
 .text          0x000000002000a5d4        0x4 ../uart_bsp//libhal_bsp.a(alt_dcache_flush_all.o)
                0x000000002000a5d4                alt_dcache_flush_all
 .text          0x000000002000a5d8        0x8 ../uart_bsp//libhal_bsp.a(alt_dev.o)
 .text          0x000000002000a5e0       0x78 ../uart_bsp//libhal_bsp.a(alt_dev_llist_insert.o)
                0x000000002000a5e0                alt_dev_llist_insert
 .text          0x000000002000a658        0x0 ../uart_bsp//libhal_bsp.a(alt_errno.o)
 .text          0x000000002000a658       0x74 ../uart_bsp//libhal_bsp.a(alt_find_dev.o)
                0x000000002000a658                alt_find_dev
 .text          0x000000002000a6cc       0xac ../uart_bsp//libhal_bsp.a(alt_find_file.o)
                0x000000002000a6cc                alt_find_file
 .text          0x000000002000a778       0x4c ../uart_bsp//libhal_bsp.a(alt_get_fd.o)
                0x000000002000a778                alt_get_fd
 .text          0x000000002000a7c4        0xc ../uart_bsp//libhal_bsp.a(alt_icache_flush_all.o)
                0x000000002000a7c4                alt_icache_flush_all
 .text          0x000000002000a7d0       0x9c ../uart_bsp//libhal_bsp.a(alt_iic.o)
                0x000000002000a7d0                alt_ic_isr_register
                0x000000002000a7d4                alt_ic_irq_enable
                0x000000002000a814                alt_ic_irq_disable
                0x000000002000a854                alt_ic_irq_enabled
 .text          0x000000002000a86c       0x68 ../uart_bsp//libhal_bsp.a(alt_iic_isr_register.o)
                0x000000002000a86c                alt_iic_isr_register
 .text          0x000000002000a8d4       0xf0 ../uart_bsp//libhal_bsp.a(alt_io_redirect.o)
                0x000000002000a94c                alt_io_redirect
 .text          0x000000002000a9c4        0x0 ../uart_bsp//libhal_bsp.a(alt_irq_entry.o)
 .text          0x000000002000a9c4        0x0 ../uart_bsp//libhal_bsp.a(alt_irq_handler.o)
 .text          0x000000002000a9c4        0x0 ../uart_bsp//libhal_bsp.a(alt_irq_vars.o)
 .text          0x000000002000a9c4       0xec ../uart_bsp//libhal_bsp.a(alt_tick.o)
                0x000000002000a9c4                alt_alarm_stop
                0x000000002000a9f8                alt_tick
 .text          0x000000002000aab0        0x8 ../uart_bsp//libhal_bsp.a(altera_nios2_gen2_irq.o)
                0x000000002000aab0                altera_nios2_gen2_irq_init
 .text          0x000000002000aab8        0x0 ../uart_bsp//libhal_bsp.a(alt_exception_entry.o)
 .text          0x000000002000aab8       0x38 ../uart_bsp//libhal_bsp.a(alt_icache_flush.o)
                0x000000002000aab8                alt_icache_flush
 .text          0x000000002000aaf0       0x74 ../uart_bsp//libhal_bsp.a(alt_instruction_exception_entry.o)
                0x000000002000aaf0                alt_exception_cause_generated_bad_addr
 .text          0x000000002000ab64        0x0 /home/tomas/altera_lite/15.1/nios2eds/bin/gnu/H-x86_64-pc-linux-gnu/bin/../lib/gcc/nios2-elf/4.9.2/../../../../../H-x86_64-pc-linux-gnu/nios2-elf/lib/libsmallc.a(lib_a-exit.o)
 .text.exit     0x000000002000ab64       0x20 /home/tomas/altera_lite/15.1/nios2eds/bin/gnu/H-x86_64-pc-linux-gnu/bin/../lib/gcc/nios2-elf/4.9.2/../../../../../H-x86_64-pc-linux-gnu/nios2-elf/lib/libsmallc.a(lib_a-exit.o)
                0x000000002000ab64                exit
 .text          0x000000002000ab84        0x0 /home/tomas/altera_lite/15.1/nios2eds/bin/gnu/H-x86_64-pc-linux-gnu/bin/../lib/gcc/nios2-elf/4.9.2/../../../../../H-x86_64-pc-linux-gnu/nios2-elf/lib/libsmallc.a(lib_a-memcmp.o)
 .text.memcmp   0x000000002000ab84       0x30 /home/tomas/altera_lite/15.1/nios2eds/bin/gnu/H-x86_64-pc-linux-gnu/bin/../lib/gcc/nios2-elf/4.9.2/../../../../../H-x86_64-pc-linux-gnu/nios2-elf/lib/libsmallc.a(lib_a-memcmp.o)
                0x000000002000ab84                memcmp
 .text          0x000000002000abb4        0x0 /home/tomas/altera_lite/15.1/nios2eds/bin/gnu/H-x86_64-pc-linux-gnu/bin/../lib/gcc/nios2-elf/4.9.2/../../../../../H-x86_64-pc-linux-gnu/nios2-elf/lib/libsmallc.a(lib_a-__call_atexit.o)
 .text.__call_exitprocs
                0x000000002000abb4      0x19c /home/tomas/altera_lite/15.1/nios2eds/bin/gnu/H-x86_64-pc-linux-gnu/bin/../lib/gcc/nios2-elf/4.9.2/../../../../../H-x86_64-pc-linux-gnu/nios2-elf/lib/libsmallc.a(lib_a-__call_atexit.o)
                0x000000002000abb4                __call_exitprocs
 .text          0x000000002000ad50       0x14 ../uart_bsp//libhal_bsp.a(alt_exit.o)
                0x000000002000ad50                _exit
 *(.gnu.warning.*)
 *(.fini)
                0x000000002000ad64                PROVIDE (__etext, ABSOLUTE (.))
                0x000000002000ad64                PROVIDE (_etext, ABSOLUTE (.))
                0x000000002000ad64                PROVIDE (etext, ABSOLUTE (.))
 *(.eh_frame_hdr)
                0x000000002000ad64                . = ALIGN (0x4)
                0x000000002000ad64                PROVIDE (__preinit_array_start, ABSOLUTE (.))
 *(.preinit_array)
                0x000000002000ad64                PROVIDE (__preinit_array_end, ABSOLUTE (.))
                0x000000002000ad64                PROVIDE (__init_array_start, ABSOLUTE (.))
 *(.init_array)
                0x000000002000ad64                PROVIDE (__init_array_end, ABSOLUTE (.))
                0x000000002000ad64                PROVIDE (__fini_array_start, ABSOLUTE (.))
 *(.fini_array)
                0x000000002000ad64                PROVIDE (__fini_array_end, ABSOLUTE (.))
 *(.eh_frame)
 *(.gcc_except_table .gcc_except_table.*)
 *(.dynamic)
                0x000000002000ad64                PROVIDE (__CTOR_LIST__, ABSOLUTE (.))
 *(.ctors)
 *(SORT(.ctors.*))
                0x000000002000ad64                PROVIDE (__CTOR_END__, ABSOLUTE (.))
                0x000000002000ad64                PROVIDE (__DTOR_LIST__, ABSOLUTE (.))
 *(.dtors)
 *(SORT(.dtors.*))
                0x000000002000ad64                PROVIDE (__DTOR_END__, ABSOLUTE (.))
 *(.jcr)
                0x000000002000ad64                . = ALIGN (0x4)

.rodata         0x0000000000000000      0x2b0
                0x0000000000000000                PROVIDE (__ram_rodata_start, ABSOLUTE (.))
                0x0000000000000000                . = ALIGN (0x4)
 *(.rodata .rodata.* .gnu.linkonce.r.*)
 .rodata        0x0000000000000000      0x264 obj/default/main.o
 .rodata.str1.4
                0x0000000000000264        0x2 /home/tomas/altera_lite/15.1/nios2eds/bin/gnu/H-x86_64-pc-linux-gnu/bin/../lib/gcc/nios2-elf/4.9.2/../../../../../H-x86_64-pc-linux-gnu/nios2-elf/lib/libsmallc.a(lib_a-puts.o)
                                          0x4 (size before relaxing)
 *fill*         0x0000000000000266        0x2 
 .rodata.str1.4
                0x0000000000000268        0xf ../uart_bsp//libhal_bsp.a(alt_main.o)
                                         0x10 (size before relaxing)
 *fill*         0x0000000000000277        0x1 
 .rodata.str1.4
                0x0000000000000278       0x29 ../uart_bsp//libhal_bsp.a(alt_sys_init.o)
                                         0x3c (size before relaxing)
 *fill*         0x00000000000002a1        0x3 
 .rodata.str1.4
                0x00000000000002a4        0xc ../uart_bsp//libhal_bsp.a(alt_dev.o)
 *(.rodata1)
                0x00000000000002b0                . = ALIGN (0x4)
                0x00000000000002b0                PROVIDE (__ram_rodata_end, ABSOLUTE (.))
                0x0000000000000000                PROVIDE (__flash_rodata_start, LOADADDR (.rodata))

.rwdata         0x00000000000002b0      0x37c load address 0x000000002000ad64
                0x00000000000002b0                PROVIDE (__ram_rwdata_start, ABSOLUTE (.))
                0x00000000000002b0                . = ALIGN (0x4)
 *(.got.plt)
 *(.got)
 *(.data1)
 *(.data .data.* .gnu.linkonce.d.*)
 .data          0x00000000000002b0        0x0 ../uart_bsp//obj/HAL/src/crt0.o
 .data          0x00000000000002b0        0x0 obj/default/main.o
 .data          0x00000000000002b0        0x0 /home/tomas/altera_lite/15.1/nios2eds/bin/gnu/H-x86_64-pc-linux-gnu/bin/../lib/gcc/nios2-elf/4.9.2/../../../../../H-x86_64-pc-linux-gnu/nios2-elf/lib/libsmallc.a(lib_a-malloc.o)
 .data          0x00000000000002b0        0x0 /home/tomas/altera_lite/15.1/nios2eds/bin/gnu/H-x86_64-pc-linux-gnu/bin/../lib/gcc/nios2-elf/4.9.2/../../../../../H-x86_64-pc-linux-gnu/nios2-elf/lib/libsmallc.a(lib_a-nano-freer.o)
 .data          0x00000000000002b0        0x0 /home/tomas/altera_lite/15.1/nios2eds/bin/gnu/H-x86_64-pc-linux-gnu/bin/../lib/gcc/nios2-elf/4.9.2/../../../../../H-x86_64-pc-linux-gnu/nios2-elf/lib/libsmallc.a(lib_a-nano-mallocr.o)
 .data          0x00000000000002b0        0x0 /home/tomas/altera_lite/15.1/nios2eds/bin/gnu/H-x86_64-pc-linux-gnu/bin/../lib/gcc/nios2-elf/4.9.2/../../../../../H-x86_64-pc-linux-gnu/nios2-elf/lib/libsmallc.a(lib_a-printf.o)
 .data          0x00000000000002b0        0x0 /home/tomas/altera_lite/15.1/nios2eds/bin/gnu/H-x86_64-pc-linux-gnu/bin/../lib/gcc/nios2-elf/4.9.2/../../../../../H-x86_64-pc-linux-gnu/nios2-elf/lib/libsmallc.a(lib_a-puts.o)
 .data          0x00000000000002b0        0x0 /home/tomas/altera_lite/15.1/nios2eds/bin/gnu/H-x86_64-pc-linux-gnu/bin/../lib/gcc/nios2-elf/4.9.2/../../../../../H-x86_64-pc-linux-gnu/nios2-elf/lib/libsmallc.a(lib_a-sbrkr.o)
 .data          0x00000000000002b0        0x0 /home/tomas/altera_lite/15.1/nios2eds/bin/gnu/H-x86_64-pc-linux-gnu/bin/../lib/gcc/nios2-elf/4.9.2/../../../../../H-x86_64-pc-linux-gnu/nios2-elf/lib/libsmallc.a(lib_a-strlen.o)
 .data          0x00000000000002b0        0x0 /home/tomas/altera_lite/15.1/nios2eds/bin/gnu/H-x86_64-pc-linux-gnu/bin/../lib/gcc/nios2-elf/4.9.2/../../../../../H-x86_64-pc-linux-gnu/nios2-elf/lib/libsmallc.a(lib_a-vfprintf.o)
 .data          0x00000000000002b0        0x0 /home/tomas/altera_lite/15.1/nios2eds/bin/gnu/H-x86_64-pc-linux-gnu/bin/../lib/gcc/nios2-elf/4.9.2/../../../../../H-x86_64-pc-linux-gnu/nios2-elf/lib/libsmallc.a(lib_a-fvwrite_small_dev.o)
 .data          0x00000000000002b0        0x0 /home/tomas/altera_lite/15.1/nios2eds/bin/gnu/H-x86_64-pc-linux-gnu/bin/../lib/gcc/nios2-elf/4.9.2/../../../../../H-x86_64-pc-linux-gnu/nios2-elf/lib/libsmallc.a(lib_a-impure.o)
 .data.impure_data
                0x00000000000002b0       0xe0 /home/tomas/altera_lite/15.1/nios2eds/bin/gnu/H-x86_64-pc-linux-gnu/bin/../lib/gcc/nios2-elf/4.9.2/../../../../../H-x86_64-pc-linux-gnu/nios2-elf/lib/libsmallc.a(lib_a-impure.o)
 .data          0x0000000000000390        0x0 /home/tomas/altera_lite/15.1/nios2eds/bin/gnu/H-x86_64-pc-linux-gnu/bin/../lib/gcc/nios2-elf/4.9.2/../../../../../H-x86_64-pc-linux-gnu/nios2-elf/lib/libsmallc.a(lib_a-int_errno.o)
 .data          0x0000000000000390        0x0 /home/tomas/altera_lite/15.1/nios2eds/bin/gnu/H-x86_64-pc-linux-gnu/bin/../lib/gcc/nios2-elf/4.9.2/../../../../../H-x86_64-pc-linux-gnu/nios2-elf/lib/libsmallc.a(lib_a-writer.o)
 .data          0x0000000000000390        0x0 /home/tomas/altera_lite/15.1/nios2eds/bin/gnu/H-x86_64-pc-linux-gnu/bin/../lib/gcc/nios2-elf/4.9.2/libgcc.a(lib2-divmod.o)
 .data          0x0000000000000390        0x0 ../uart_bsp//libhal_bsp.a(alt_load.o)
 .data          0x0000000000000390        0x0 ../uart_bsp//libhal_bsp.a(alt_main.o)
 .data          0x0000000000000390        0x0 ../uart_bsp//libhal_bsp.a(alt_open.o)
 .data          0x0000000000000390        0x0 ../uart_bsp//libhal_bsp.a(alt_read.o)
 .data          0x0000000000000390        0x0 ../uart_bsp//libhal_bsp.a(alt_release_fd.o)
 .data          0x0000000000000390        0x0 ../uart_bsp//libhal_bsp.a(alt_sbrk.o)
 .data          0x0000000000000390        0x0 ../uart_bsp//libhal_bsp.a(alt_write.o)
 .data          0x0000000000000390       0xb8 ../uart_bsp//libhal_bsp.a(alt_sys_init.o)
 .data          0x0000000000000448        0x0 ../uart_bsp//libhal_bsp.a(altera_avalon_jtag_uart_fd.o)
 .data          0x0000000000000448        0x0 ../uart_bsp//libhal_bsp.a(altera_avalon_jtag_uart_read.o)
 .data          0x0000000000000448        0x0 ../uart_bsp//libhal_bsp.a(altera_avalon_jtag_uart_write.o)
 .data          0x0000000000000448        0x0 ../uart_bsp//libhal_bsp.a(altera_avalon_sgdma.o)
 .data          0x0000000000000448        0x0 ../uart_bsp//libhal_bsp.a(altera_avalon_timer_sc.o)
 .data          0x0000000000000448        0x0 ../uart_bsp//libhal_bsp.a(altera_avalon_uart_fd.o)
 .data          0x0000000000000448        0x0 ../uart_bsp//libhal_bsp.a(altera_avalon_uart_read.o)
 .data          0x0000000000000448        0x0 ../uart_bsp//libhal_bsp.a(altera_avalon_uart_write.o)
 .data          0x0000000000000448        0x0 ../uart_bsp//libhal_bsp.a(alt_close.o)
 .data          0x0000000000000448        0x0 ../uart_bsp//libhal_bsp.a(alt_dcache_flush.o)
 .data          0x0000000000000448        0x0 ../uart_bsp//libhal_bsp.a(alt_dcache_flush_all.o)
 .data          0x0000000000000448      0x1a8 ../uart_bsp//libhal_bsp.a(alt_dev.o)
                0x0000000000000448                alt_fd_list
                0x00000000000005c8                alt_dev_null
 .data          0x00000000000005f0        0x0 ../uart_bsp//libhal_bsp.a(alt_dev_llist_insert.o)
 .data          0x00000000000005f0        0x0 ../uart_bsp//libhal_bsp.a(alt_errno.o)
 .data          0x00000000000005f0        0x0 ../uart_bsp//libhal_bsp.a(alt_find_dev.o)
 .data          0x00000000000005f0        0x0 ../uart_bsp//libhal_bsp.a(alt_find_file.o)
 .data          0x00000000000005f0        0x0 ../uart_bsp//libhal_bsp.a(alt_get_fd.o)
 .data          0x00000000000005f0        0x0 ../uart_bsp//libhal_bsp.a(alt_icache_flush_all.o)
 .data          0x00000000000005f0        0x0 ../uart_bsp//libhal_bsp.a(alt_iic.o)
 .data          0x00000000000005f0        0x0 ../uart_bsp//libhal_bsp.a(alt_iic_isr_register.o)
 .data          0x00000000000005f0        0x0 ../uart_bsp//libhal_bsp.a(alt_io_redirect.o)
 .data          0x00000000000005f0        0x0 ../uart_bsp//libhal_bsp.a(alt_irq_entry.o)
 .data          0x00000000000005f0        0x0 ../uart_bsp//libhal_bsp.a(alt_irq_handler.o)
 .data          0x00000000000005f0        0x0 ../uart_bsp//libhal_bsp.a(alt_irq_vars.o)
 .data          0x00000000000005f0        0x0 ../uart_bsp//libhal_bsp.a(alt_tick.o)
 .data          0x00000000000005f0        0x0 ../uart_bsp//libhal_bsp.a(altera_nios2_gen2_irq.o)
 .data          0x00000000000005f0        0x0 ../uart_bsp//libhal_bsp.a(alt_exception_entry.o)
 .data          0x00000000000005f0        0x0 ../uart_bsp//libhal_bsp.a(alt_icache_flush.o)
 .data          0x00000000000005f0        0x0 ../uart_bsp//libhal_bsp.a(alt_instruction_exception_entry.o)
 .data          0x00000000000005f0        0x0 /home/tomas/altera_lite/15.1/nios2eds/bin/gnu/H-x86_64-pc-linux-gnu/bin/../lib/gcc/nios2-elf/4.9.2/../../../../../H-x86_64-pc-linux-gnu/nios2-elf/lib/libsmallc.a(lib_a-exit.o)
 .data          0x00000000000005f0        0x0 /home/tomas/altera_lite/15.1/nios2eds/bin/gnu/H-x86_64-pc-linux-gnu/bin/../lib/gcc/nios2-elf/4.9.2/../../../../../H-x86_64-pc-linux-gnu/nios2-elf/lib/libsmallc.a(lib_a-memcmp.o)
 .data          0x00000000000005f0        0x0 /home/tomas/altera_lite/15.1/nios2eds/bin/gnu/H-x86_64-pc-linux-gnu/bin/../lib/gcc/nios2-elf/4.9.2/../../../../../H-x86_64-pc-linux-gnu/nios2-elf/lib/libsmallc.a(lib_a-__call_atexit.o)
 .data          0x00000000000005f0        0x0 ../uart_bsp//libhal_bsp.a(alt_exit.o)
                0x00000000000085f0                _gp = ABSOLUTE ((. + 0x8000))
                0x00000000000085f0                PROVIDE (gp, _gp)
 *(.rwdata .rwdata.*)
 *(.sdata .sdata.* .gnu.linkonce.s.*)
 .sdata         0x00000000000005f0        0x1 obj/default/main.o
                0x00000000000005f0                tx_done
 *fill*         0x00000000000005f1        0x3 
 .sdata._global_impure_ptr
                0x00000000000005f4        0x4 /home/tomas/altera_lite/15.1/nios2eds/bin/gnu/H-x86_64-pc-linux-gnu/bin/../lib/gcc/nios2-elf/4.9.2/../../../../../H-x86_64-pc-linux-gnu/nios2-elf/lib/libsmallc.a(lib_a-impure.o)
                0x00000000000005f4                _global_impure_ptr
 .sdata._impure_ptr
                0x00000000000005f8        0x4 /home/tomas/altera_lite/15.1/nios2eds/bin/gnu/H-x86_64-pc-linux-gnu/bin/../lib/gcc/nios2-elf/4.9.2/../../../../../H-x86_64-pc-linux-gnu/nios2-elf/lib/libsmallc.a(lib_a-impure.o)
                0x00000000000005f8                _impure_ptr
 .sdata         0x00000000000005fc        0x4 ../uart_bsp//libhal_bsp.a(alt_sbrk.o)
 .sdata         0x0000000000000600        0x8 ../uart_bsp//libhal_bsp.a(altera_avalon_sgdma.o)
                0x0000000000000600                alt_sgdma_list
 .sdata         0x0000000000000608       0x14 ../uart_bsp//libhal_bsp.a(alt_dev.o)
                0x0000000000000608                alt_max_fd
                0x000000000000060c                alt_dev_list
                0x0000000000000614                alt_fs_list
 .sdata         0x000000000000061c        0x4 ../uart_bsp//libhal_bsp.a(alt_errno.o)
                0x000000000000061c                alt_errno
 .sdata         0x0000000000000620        0x4 ../uart_bsp//libhal_bsp.a(alt_irq_vars.o)
                0x0000000000000620                alt_priority_mask
 .sdata         0x0000000000000624        0x8 ../uart_bsp//libhal_bsp.a(alt_tick.o)
                0x0000000000000624                alt_alarm_list
 *(.sdata2 .sdata2.* .gnu.linkonce.s2.*)
                0x000000000000062c                . = ALIGN (0x4)
                0x000000000000062c                _edata = ABSOLUTE (.)
                0x000000000000062c                PROVIDE (edata, ABSOLUTE (.))
                0x000000000000062c                PROVIDE (__ram_rwdata_end, ABSOLUTE (.))
                0x000000002000ad64                PROVIDE (__flash_rwdata_start, LOADADDR (.rwdata))

.bss            0x000000000000062c      0x170 load address 0x000000002000b0e0
                0x000000000000062c                __bss_start = ABSOLUTE (.)
                0x000000000000062c                PROVIDE (__sbss_start, ABSOLUTE (.))
                0x000000000000062c                PROVIDE (___sbss_start, ABSOLUTE (.))
 *(.dynsbss)
 *(.sbss .sbss.* .gnu.linkonce.sb.*)
 .sbss          0x000000000000062c       0x14 obj/default/main.o
                0x000000000000062c                rx_done
                0x0000000000000630                dbufr
                0x0000000000000634                rx_buf_ptr
                0x0000000000000638                rx_char_count
                0x000000000000063c                rx_buffer_counter
 .sbss          0x0000000000000640       0x14 obj/default/main.o
                0x0000000000000640                receive_dma
                0x0000000000000644                receive_descriptors_copy
                0x000000000000064c                receive_descriptors
 .sbss.__malloc_sbrk_start
                0x0000000000000654        0x4 /home/tomas/altera_lite/15.1/nios2eds/bin/gnu/H-x86_64-pc-linux-gnu/bin/../lib/gcc/nios2-elf/4.9.2/../../../../../H-x86_64-pc-linux-gnu/nios2-elf/lib/libsmallc.a(lib_a-nano-mallocr.o)
                0x0000000000000654                __malloc_sbrk_start
 .sbss.__malloc_free_list
                0x0000000000000658        0x4 /home/tomas/altera_lite/15.1/nios2eds/bin/gnu/H-x86_64-pc-linux-gnu/bin/../lib/gcc/nios2-elf/4.9.2/../../../../../H-x86_64-pc-linux-gnu/nios2-elf/lib/libsmallc.a(lib_a-nano-mallocr.o)
                0x0000000000000658                __malloc_free_list
 .sbss          0x000000000000065c        0x4 /home/tomas/altera_lite/15.1/nios2eds/bin/gnu/H-x86_64-pc-linux-gnu/bin/../lib/gcc/nios2-elf/4.9.2/../../../../../H-x86_64-pc-linux-gnu/nios2-elf/lib/libsmallc.a(lib_a-int_errno.o)
                0x000000000000065c                errno
 .sbss          0x0000000000000660        0xc ../uart_bsp//libhal_bsp.a(alt_main.o)
                0x0000000000000660                alt_envp
                0x0000000000000664                alt_argv
                0x0000000000000668                alt_argc
 .sbss          0x000000000000066c        0x4 ../uart_bsp//libhal_bsp.a(alt_irq_vars.o)
                0x000000000000066c                alt_irq_active
 .sbss          0x0000000000000670        0x8 ../uart_bsp//libhal_bsp.a(alt_tick.o)
                0x0000000000000670                _alt_nticks
                0x0000000000000674                _alt_tick_rate
 .sbss          0x0000000000000678        0x4 ../uart_bsp//libhal_bsp.a(alt_instruction_exception_entry.o)
                0x0000000000000678                alt_instruction_exception_handler
 *(.sbss2 .sbss2.* .gnu.linkonce.sb2.*)
 *(.scommon)
                0x000000000000067c                PROVIDE (__sbss_end, ABSOLUTE (.))
                0x000000000000067c                PROVIDE (___sbss_end, ABSOLUTE (.))
 *(.dynbss)
 *(.bss .bss.* .gnu.linkonce.b.*)
 .bss           0x000000000000067c        0x0 ../uart_bsp//obj/HAL/src/crt0.o
 .bss           0x000000000000067c        0x0 obj/default/main.o
 .bss           0x000000000000067c        0x0 /home/tomas/altera_lite/15.1/nios2eds/bin/gnu/H-x86_64-pc-linux-gnu/bin/../lib/gcc/nios2-elf/4.9.2/../../../../../H-x86_64-pc-linux-gnu/nios2-elf/lib/libsmallc.a(lib_a-malloc.o)
 .bss           0x000000000000067c        0x0 /home/tomas/altera_lite/15.1/nios2eds/bin/gnu/H-x86_64-pc-linux-gnu/bin/../lib/gcc/nios2-elf/4.9.2/../../../../../H-x86_64-pc-linux-gnu/nios2-elf/lib/libsmallc.a(lib_a-nano-freer.o)
 .bss           0x000000000000067c        0x0 /home/tomas/altera_lite/15.1/nios2eds/bin/gnu/H-x86_64-pc-linux-gnu/bin/../lib/gcc/nios2-elf/4.9.2/../../../../../H-x86_64-pc-linux-gnu/nios2-elf/lib/libsmallc.a(lib_a-nano-mallocr.o)
 .bss           0x000000000000067c        0x0 /home/tomas/altera_lite/15.1/nios2eds/bin/gnu/H-x86_64-pc-linux-gnu/bin/../lib/gcc/nios2-elf/4.9.2/../../../../../H-x86_64-pc-linux-gnu/nios2-elf/lib/libsmallc.a(lib_a-printf.o)
 .bss           0x000000000000067c        0x0 /home/tomas/altera_lite/15.1/nios2eds/bin/gnu/H-x86_64-pc-linux-gnu/bin/../lib/gcc/nios2-elf/4.9.2/../../../../../H-x86_64-pc-linux-gnu/nios2-elf/lib/libsmallc.a(lib_a-puts.o)
 .bss           0x000000000000067c        0x0 /home/tomas/altera_lite/15.1/nios2eds/bin/gnu/H-x86_64-pc-linux-gnu/bin/../lib/gcc/nios2-elf/4.9.2/../../../../../H-x86_64-pc-linux-gnu/nios2-elf/lib/libsmallc.a(lib_a-sbrkr.o)
 .bss           0x000000000000067c        0x0 /home/tomas/altera_lite/15.1/nios2eds/bin/gnu/H-x86_64-pc-linux-gnu/bin/../lib/gcc/nios2-elf/4.9.2/../../../../../H-x86_64-pc-linux-gnu/nios2-elf/lib/libsmallc.a(lib_a-strlen.o)
 .bss           0x000000000000067c        0x0 /home/tomas/altera_lite/15.1/nios2eds/bin/gnu/H-x86_64-pc-linux-gnu/bin/../lib/gcc/nios2-elf/4.9.2/../../../../../H-x86_64-pc-linux-gnu/nios2-elf/lib/libsmallc.a(lib_a-vfprintf.o)
 .bss           0x000000000000067c        0x0 /home/tomas/altera_lite/15.1/nios2eds/bin/gnu/H-x86_64-pc-linux-gnu/bin/../lib/gcc/nios2-elf/4.9.2/../../../../../H-x86_64-pc-linux-gnu/nios2-elf/lib/libsmallc.a(lib_a-fvwrite_small_dev.o)
 .bss           0x000000000000067c        0x0 /home/tomas/altera_lite/15.1/nios2eds/bin/gnu/H-x86_64-pc-linux-gnu/bin/../lib/gcc/nios2-elf/4.9.2/../../../../../H-x86_64-pc-linux-gnu/nios2-elf/lib/libsmallc.a(lib_a-impure.o)
 .bss           0x000000000000067c        0x0 /home/tomas/altera_lite/15.1/nios2eds/bin/gnu/H-x86_64-pc-linux-gnu/bin/../lib/gcc/nios2-elf/4.9.2/../../../../../H-x86_64-pc-linux-gnu/nios2-elf/lib/libsmallc.a(lib_a-int_errno.o)
 .bss           0x000000000000067c        0x0 /home/tomas/altera_lite/15.1/nios2eds/bin/gnu/H-x86_64-pc-linux-gnu/bin/../lib/gcc/nios2-elf/4.9.2/../../../../../H-x86_64-pc-linux-gnu/nios2-elf/lib/libsmallc.a(lib_a-writer.o)
 .bss           0x000000000000067c        0x0 /home/tomas/altera_lite/15.1/nios2eds/bin/gnu/H-x86_64-pc-linux-gnu/bin/../lib/gcc/nios2-elf/4.9.2/libgcc.a(lib2-divmod.o)
 .bss           0x000000000000067c        0x0 ../uart_bsp//libhal_bsp.a(alt_load.o)
 .bss           0x000000000000067c        0x0 ../uart_bsp//libhal_bsp.a(alt_main.o)
 .bss           0x000000000000067c        0x0 ../uart_bsp//libhal_bsp.a(alt_open.o)
 .bss           0x000000000000067c        0x0 ../uart_bsp//libhal_bsp.a(alt_read.o)
 .bss           0x000000000000067c        0x0 ../uart_bsp//libhal_bsp.a(alt_release_fd.o)
 .bss           0x000000000000067c        0x0 ../uart_bsp//libhal_bsp.a(alt_sbrk.o)
 .bss           0x000000000000067c        0x0 ../uart_bsp//libhal_bsp.a(alt_write.o)
 .bss           0x000000000000067c        0x0 ../uart_bsp//libhal_bsp.a(alt_sys_init.o)
 .bss           0x000000000000067c        0x0 ../uart_bsp//libhal_bsp.a(altera_avalon_jtag_uart_fd.o)
 .bss           0x000000000000067c        0x0 ../uart_bsp//libhal_bsp.a(altera_avalon_jtag_uart_read.o)
 .bss           0x000000000000067c        0x0 ../uart_bsp//libhal_bsp.a(altera_avalon_jtag_uart_write.o)
 .bss           0x000000000000067c        0x0 ../uart_bsp//libhal_bsp.a(altera_avalon_sgdma.o)
 .bss           0x000000000000067c        0x0 ../uart_bsp//libhal_bsp.a(altera_avalon_timer_sc.o)
 .bss           0x000000000000067c        0x0 ../uart_bsp//libhal_bsp.a(altera_avalon_uart_fd.o)
 .bss           0x000000000000067c        0x0 ../uart_bsp//libhal_bsp.a(altera_avalon_uart_read.o)
 .bss           0x000000000000067c        0x0 ../uart_bsp//libhal_bsp.a(altera_avalon_uart_write.o)
 .bss           0x000000000000067c        0x0 ../uart_bsp//libhal_bsp.a(alt_close.o)
 .bss           0x000000000000067c        0x0 ../uart_bsp//libhal_bsp.a(alt_dcache_flush.o)
 .bss           0x000000000000067c        0x0 ../uart_bsp//libhal_bsp.a(alt_dcache_flush_all.o)
 .bss           0x000000000000067c        0x0 ../uart_bsp//libhal_bsp.a(alt_dev.o)
 .bss           0x000000000000067c        0x0 ../uart_bsp//libhal_bsp.a(alt_dev_llist_insert.o)
 .bss           0x000000000000067c        0x0 ../uart_bsp//libhal_bsp.a(alt_errno.o)
 .bss           0x000000000000067c        0x0 ../uart_bsp//libhal_bsp.a(alt_find_dev.o)
 .bss           0x000000000000067c        0x0 ../uart_bsp//libhal_bsp.a(alt_find_file.o)
 .bss           0x000000000000067c        0x0 ../uart_bsp//libhal_bsp.a(alt_get_fd.o)
 .bss           0x000000000000067c        0x0 ../uart_bsp//libhal_bsp.a(alt_icache_flush_all.o)
 .bss           0x000000000000067c        0x0 ../uart_bsp//libhal_bsp.a(alt_iic.o)
 .bss           0x000000000000067c        0x0 ../uart_bsp//libhal_bsp.a(alt_iic_isr_register.o)
 .bss           0x000000000000067c        0x0 ../uart_bsp//libhal_bsp.a(alt_io_redirect.o)
 .bss           0x000000000000067c        0x0 ../uart_bsp//libhal_bsp.a(alt_irq_entry.o)
 .bss           0x000000000000067c        0x0 ../uart_bsp//libhal_bsp.a(alt_irq_handler.o)
 .bss           0x000000000000067c        0x0 ../uart_bsp//libhal_bsp.a(alt_irq_vars.o)
 .bss           0x000000000000067c        0x0 ../uart_bsp//libhal_bsp.a(alt_tick.o)
 .bss           0x000000000000067c        0x0 ../uart_bsp//libhal_bsp.a(altera_nios2_gen2_irq.o)
 .bss           0x000000000000067c        0x0 ../uart_bsp//libhal_bsp.a(alt_exception_entry.o)
 .bss           0x000000000000067c        0x0 ../uart_bsp//libhal_bsp.a(alt_icache_flush.o)
 .bss           0x000000000000067c        0x0 ../uart_bsp//libhal_bsp.a(alt_instruction_exception_entry.o)
 .bss           0x000000000000067c        0x0 /home/tomas/altera_lite/15.1/nios2eds/bin/gnu/H-x86_64-pc-linux-gnu/bin/../lib/gcc/nios2-elf/4.9.2/../../../../../H-x86_64-pc-linux-gnu/nios2-elf/lib/libsmallc.a(lib_a-exit.o)
 .bss           0x000000000000067c        0x0 /home/tomas/altera_lite/15.1/nios2eds/bin/gnu/H-x86_64-pc-linux-gnu/bin/../lib/gcc/nios2-elf/4.9.2/../../../../../H-x86_64-pc-linux-gnu/nios2-elf/lib/libsmallc.a(lib_a-memcmp.o)
 .bss           0x000000000000067c        0x0 /home/tomas/altera_lite/15.1/nios2eds/bin/gnu/H-x86_64-pc-linux-gnu/bin/../lib/gcc/nios2-elf/4.9.2/../../../../../H-x86_64-pc-linux-gnu/nios2-elf/lib/libsmallc.a(lib_a-__call_atexit.o)
 .bss           0x000000000000067c        0x0 ../uart_bsp//libhal_bsp.a(alt_exit.o)
 *(COMMON)
 COMMON         0x000000000000067c       0x20 obj/default/main.o
                0x000000000000067c                receive_ptrs
 COMMON         0x000000000000069c      0x100 ../uart_bsp//libhal_bsp.a(alt_irq_handler.o)
                0x000000000000069c                alt_irq
                0x000000000000079c                . = ALIGN (0x4)
                0x000000000000079c                __bss_end = ABSOLUTE (.)

.mem_if_lpddr2_emif_0
                0x000000000000079c        0x0 load address 0x000000002000b0e0
                0x000000000000079c                PROVIDE (_alt_partition_mem_if_lpddr2_emif_0_start, ABSOLUTE (.))
 *(.mem_if_lpddr2_emif_0 .mem_if_lpddr2_emif_0. mem_if_lpddr2_emif_0.*)
                0x000000000000079c                . = ALIGN (0x4)
                0x000000000000079c                PROVIDE (_alt_partition_mem_if_lpddr2_emif_0_end, ABSOLUTE (.))
                0x000000000000079c                _end = ABSOLUTE (.)
                0x000000000000079c                end = ABSOLUTE (.)
                0x000000000000079c                __alt_stack_base = ABSOLUTE (.)
                0x000000002000b0e0                PROVIDE (_alt_partition_mem_if_lpddr2_emif_0_load_addr, LOADADDR (.mem_if_lpddr2_emif_0))

.onchip_mem     0x000000002000b0e0        0x0
                0x000000002000b0e0                PROVIDE (_alt_partition_onchip_mem_start, ABSOLUTE (.))
 *(.onchip_mem .onchip_mem. onchip_mem.*)
                0x000000002000b0e0                . = ALIGN (0x4)
                0x000000002000b0e0                PROVIDE (_alt_partition_onchip_mem_end, ABSOLUTE (.))
                0x000000002000b0e0                PROVIDE (_alt_partition_onchip_mem_load_addr, LOADADDR (.onchip_mem))

.stab
 *(.stab)

.stabstr
 *(.stabstr)

.stab.excl
 *(.stab.excl)

.stab.exclstr
 *(.stab.exclstr)

.stab.index
 *(.stab.index)

.stab.indexstr
 *(.stab.indexstr)

.comment        0x0000000000000000       0x23
 *(.comment)
 .comment       0x0000000000000000       0x23 obj/default/main.o
                                         0x24 (size before relaxing)
 .comment       0x0000000000000000       0x24 /home/tomas/altera_lite/15.1/nios2eds/bin/gnu/H-x86_64-pc-linux-gnu/bin/../lib/gcc/nios2-elf/4.9.2/../../../../../H-x86_64-pc-linux-gnu/nios2-elf/lib/libsmallc.a(lib_a-malloc.o)
 .comment       0x0000000000000000       0x24 /home/tomas/altera_lite/15.1/nios2eds/bin/gnu/H-x86_64-pc-linux-gnu/bin/../lib/gcc/nios2-elf/4.9.2/../../../../../H-x86_64-pc-linux-gnu/nios2-elf/lib/libsmallc.a(lib_a-nano-freer.o)
 .comment       0x0000000000000000       0x24 /home/tomas/altera_lite/15.1/nios2eds/bin/gnu/H-x86_64-pc-linux-gnu/bin/../lib/gcc/nios2-elf/4.9.2/../../../../../H-x86_64-pc-linux-gnu/nios2-elf/lib/libsmallc.a(lib_a-nano-mallocr.o)
 .comment       0x0000000000000000       0x24 /home/tomas/altera_lite/15.1/nios2eds/bin/gnu/H-x86_64-pc-linux-gnu/bin/../lib/gcc/nios2-elf/4.9.2/../../../../../H-x86_64-pc-linux-gnu/nios2-elf/lib/libsmallc.a(lib_a-printf.o)
 .comment       0x0000000000000000       0x24 /home/tomas/altera_lite/15.1/nios2eds/bin/gnu/H-x86_64-pc-linux-gnu/bin/../lib/gcc/nios2-elf/4.9.2/../../../../../H-x86_64-pc-linux-gnu/nios2-elf/lib/libsmallc.a(lib_a-puts.o)
 .comment       0x0000000000000000       0x24 /home/tomas/altera_lite/15.1/nios2eds/bin/gnu/H-x86_64-pc-linux-gnu/bin/../lib/gcc/nios2-elf/4.9.2/../../../../../H-x86_64-pc-linux-gnu/nios2-elf/lib/libsmallc.a(lib_a-sbrkr.o)
 .comment       0x0000000000000000       0x24 /home/tomas/altera_lite/15.1/nios2eds/bin/gnu/H-x86_64-pc-linux-gnu/bin/../lib/gcc/nios2-elf/4.9.2/../../../../../H-x86_64-pc-linux-gnu/nios2-elf/lib/libsmallc.a(lib_a-strlen.o)
 .comment       0x0000000000000000       0x24 /home/tomas/altera_lite/15.1/nios2eds/bin/gnu/H-x86_64-pc-linux-gnu/bin/../lib/gcc/nios2-elf/4.9.2/../../../../../H-x86_64-pc-linux-gnu/nios2-elf/lib/libsmallc.a(lib_a-vfprintf.o)
 .comment       0x0000000000000000       0x24 /home/tomas/altera_lite/15.1/nios2eds/bin/gnu/H-x86_64-pc-linux-gnu/bin/../lib/gcc/nios2-elf/4.9.2/../../../../../H-x86_64-pc-linux-gnu/nios2-elf/lib/libsmallc.a(lib_a-fvwrite_small_dev.o)
 .comment       0x0000000000000000       0x24 /home/tomas/altera_lite/15.1/nios2eds/bin/gnu/H-x86_64-pc-linux-gnu/bin/../lib/gcc/nios2-elf/4.9.2/../../../../../H-x86_64-pc-linux-gnu/nios2-elf/lib/libsmallc.a(lib_a-impure.o)
 .comment       0x0000000000000000       0x24 /home/tomas/altera_lite/15.1/nios2eds/bin/gnu/H-x86_64-pc-linux-gnu/bin/../lib/gcc/nios2-elf/4.9.2/../../../../../H-x86_64-pc-linux-gnu/nios2-elf/lib/libsmallc.a(lib_a-int_errno.o)
 .comment       0x0000000000000000       0x24 /home/tomas/altera_lite/15.1/nios2eds/bin/gnu/H-x86_64-pc-linux-gnu/bin/../lib/gcc/nios2-elf/4.9.2/../../../../../H-x86_64-pc-linux-gnu/nios2-elf/lib/libsmallc.a(lib_a-writer.o)
 .comment       0x0000000000000000       0x24 /home/tomas/altera_lite/15.1/nios2eds/bin/gnu/H-x86_64-pc-linux-gnu/bin/../lib/gcc/nios2-elf/4.9.2/libgcc.a(lib2-divmod.o)
 .comment       0x0000000000000000       0x24 ../uart_bsp//libhal_bsp.a(alt_load.o)
 .comment       0x0000000000000000       0x24 ../uart_bsp//libhal_bsp.a(alt_main.o)
 .comment       0x0000000000000000       0x24 ../uart_bsp//libhal_bsp.a(alt_open.o)
 .comment       0x0000000000000000       0x24 ../uart_bsp//libhal_bsp.a(alt_read.o)
 .comment       0x0000000000000000       0x24 ../uart_bsp//libhal_bsp.a(alt_release_fd.o)
 .comment       0x0000000000000000       0x24 ../uart_bsp//libhal_bsp.a(alt_sbrk.o)
 .comment       0x0000000000000000       0x24 ../uart_bsp//libhal_bsp.a(alt_write.o)
 .comment       0x0000000000000000       0x24 ../uart_bsp//libhal_bsp.a(alt_sys_init.o)
 .comment       0x0000000000000000       0x24 ../uart_bsp//libhal_bsp.a(altera_avalon_jtag_uart_fd.o)
 .comment       0x0000000000000000       0x24 ../uart_bsp//libhal_bsp.a(altera_avalon_jtag_uart_read.o)
 .comment       0x0000000000000000       0x24 ../uart_bsp//libhal_bsp.a(altera_avalon_jtag_uart_write.o)
 .comment       0x0000000000000000       0x24 ../uart_bsp//libhal_bsp.a(altera_avalon_sgdma.o)
 .comment       0x0000000000000000       0x24 ../uart_bsp//libhal_bsp.a(altera_avalon_timer_sc.o)
 .comment       0x0000000000000000       0x24 ../uart_bsp//libhal_bsp.a(altera_avalon_uart_fd.o)
 .comment       0x0000000000000000       0x24 ../uart_bsp//libhal_bsp.a(altera_avalon_uart_read.o)
 .comment       0x0000000000000000       0x24 ../uart_bsp//libhal_bsp.a(altera_avalon_uart_write.o)
 .comment       0x0000000000000000       0x24 ../uart_bsp//libhal_bsp.a(alt_close.o)
 .comment       0x0000000000000000       0x24 ../uart_bsp//libhal_bsp.a(alt_dcache_flush.o)
 .comment       0x0000000000000000       0x24 ../uart_bsp//libhal_bsp.a(alt_dcache_flush_all.o)
 .comment       0x0000000000000000       0x24 ../uart_bsp//libhal_bsp.a(alt_dev.o)
 .comment       0x0000000000000000       0x24 ../uart_bsp//libhal_bsp.a(alt_dev_llist_insert.o)
 .comment       0x0000000000000000       0x24 ../uart_bsp//libhal_bsp.a(alt_errno.o)
 .comment       0x0000000000000000       0x24 ../uart_bsp//libhal_bsp.a(alt_find_dev.o)
 .comment       0x0000000000000000       0x24 ../uart_bsp//libhal_bsp.a(alt_find_file.o)
 .comment       0x0000000000000000       0x24 ../uart_bsp//libhal_bsp.a(alt_get_fd.o)
 .comment       0x0000000000000000       0x24 ../uart_bsp//libhal_bsp.a(alt_icache_flush_all.o)
 .comment       0x0000000000000000       0x24 ../uart_bsp//libhal_bsp.a(alt_iic.o)
 .comment       0x0000000000000000       0x24 ../uart_bsp//libhal_bsp.a(alt_iic_isr_register.o)
 .comment       0x0000000000000000       0x24 ../uart_bsp//libhal_bsp.a(alt_io_redirect.o)
 .comment       0x0000000000000000       0x24 ../uart_bsp//libhal_bsp.a(alt_irq_handler.o)
 .comment       0x0000000000000000       0x24 ../uart_bsp//libhal_bsp.a(alt_irq_vars.o)
 .comment       0x0000000000000000       0x24 ../uart_bsp//libhal_bsp.a(alt_tick.o)
 .comment       0x0000000000000000       0x24 ../uart_bsp//libhal_bsp.a(altera_nios2_gen2_irq.o)
 .comment       0x0000000000000000       0x24 ../uart_bsp//libhal_bsp.a(alt_icache_flush.o)
 .comment       0x0000000000000000       0x24 ../uart_bsp//libhal_bsp.a(alt_instruction_exception_entry.o)
 .comment       0x0000000000000000       0x24 /home/tomas/altera_lite/15.1/nios2eds/bin/gnu/H-x86_64-pc-linux-gnu/bin/../lib/gcc/nios2-elf/4.9.2/../../../../../H-x86_64-pc-linux-gnu/nios2-elf/lib/libsmallc.a(lib_a-exit.o)
 .comment       0x0000000000000000       0x24 /home/tomas/altera_lite/15.1/nios2eds/bin/gnu/H-x86_64-pc-linux-gnu/bin/../lib/gcc/nios2-elf/4.9.2/../../../../../H-x86_64-pc-linux-gnu/nios2-elf/lib/libsmallc.a(lib_a-memcmp.o)
 .comment       0x0000000000000000       0x24 /home/tomas/altera_lite/15.1/nios2eds/bin/gnu/H-x86_64-pc-linux-gnu/bin/../lib/gcc/nios2-elf/4.9.2/../../../../../H-x86_64-pc-linux-gnu/nios2-elf/lib/libsmallc.a(lib_a-__call_atexit.o)
 .comment       0x0000000000000000       0x24 ../uart_bsp//libhal_bsp.a(alt_exit.o)

.debug
 *(.debug)

.line
 *(.line)

.debug_srcinfo
 *(.debug_srcinfo)

.debug_sfnames
 *(.debug_sfnames)

.debug_aranges  0x0000000000000000      0x710
 *(.debug_aranges)
 .debug_aranges
                0x0000000000000000       0x28 ../uart_bsp//obj/HAL/src/crt0.o
 .debug_aranges
                0x0000000000000028       0x20 obj/default/main.o
 .debug_aranges
                0x0000000000000048       0x28 /home/tomas/altera_lite/15.1/nios2eds/bin/gnu/H-x86_64-pc-linux-gnu/bin/../lib/gcc/nios2-elf/4.9.2/../../../../../H-x86_64-pc-linux-gnu/nios2-elf/lib/libsmallc.a(lib_a-malloc.o)
 .debug_aranges
                0x0000000000000070       0x20 /home/tomas/altera_lite/15.1/nios2eds/bin/gnu/H-x86_64-pc-linux-gnu/bin/../lib/gcc/nios2-elf/4.9.2/../../../../../H-x86_64-pc-linux-gnu/nios2-elf/lib/libsmallc.a(lib_a-nano-freer.o)
 .debug_aranges
                0x0000000000000090       0x20 /home/tomas/altera_lite/15.1/nios2eds/bin/gnu/H-x86_64-pc-linux-gnu/bin/../lib/gcc/nios2-elf/4.9.2/../../../../../H-x86_64-pc-linux-gnu/nios2-elf/lib/libsmallc.a(lib_a-nano-mallocr.o)
 .debug_aranges
                0x00000000000000b0       0x28 /home/tomas/altera_lite/15.1/nios2eds/bin/gnu/H-x86_64-pc-linux-gnu/bin/../lib/gcc/nios2-elf/4.9.2/../../../../../H-x86_64-pc-linux-gnu/nios2-elf/lib/libsmallc.a(lib_a-printf.o)
 .debug_aranges
                0x00000000000000d8       0x28 /home/tomas/altera_lite/15.1/nios2eds/bin/gnu/H-x86_64-pc-linux-gnu/bin/../lib/gcc/nios2-elf/4.9.2/../../../../../H-x86_64-pc-linux-gnu/nios2-elf/lib/libsmallc.a(lib_a-puts.o)
 .debug_aranges
                0x0000000000000100       0x20 /home/tomas/altera_lite/15.1/nios2eds/bin/gnu/H-x86_64-pc-linux-gnu/bin/../lib/gcc/nios2-elf/4.9.2/../../../../../H-x86_64-pc-linux-gnu/nios2-elf/lib/libsmallc.a(lib_a-sbrkr.o)
 .debug_aranges
                0x0000000000000120       0x20 /home/tomas/altera_lite/15.1/nios2eds/bin/gnu/H-x86_64-pc-linux-gnu/bin/../lib/gcc/nios2-elf/4.9.2/../../../../../H-x86_64-pc-linux-gnu/nios2-elf/lib/libsmallc.a(lib_a-strlen.o)
 .debug_aranges
                0x0000000000000140       0x30 /home/tomas/altera_lite/15.1/nios2eds/bin/gnu/H-x86_64-pc-linux-gnu/bin/../lib/gcc/nios2-elf/4.9.2/../../../../../H-x86_64-pc-linux-gnu/nios2-elf/lib/libsmallc.a(lib_a-vfprintf.o)
 .debug_aranges
                0x0000000000000170       0x20 /home/tomas/altera_lite/15.1/nios2eds/bin/gnu/H-x86_64-pc-linux-gnu/bin/../lib/gcc/nios2-elf/4.9.2/../../../../../H-x86_64-pc-linux-gnu/nios2-elf/lib/libsmallc.a(lib_a-fvwrite_small_dev.o)
 .debug_aranges
                0x0000000000000190       0x18 /home/tomas/altera_lite/15.1/nios2eds/bin/gnu/H-x86_64-pc-linux-gnu/bin/../lib/gcc/nios2-elf/4.9.2/../../../../../H-x86_64-pc-linux-gnu/nios2-elf/lib/libsmallc.a(lib_a-impure.o)
 .debug_aranges
                0x00000000000001a8       0x18 /home/tomas/altera_lite/15.1/nios2eds/bin/gnu/H-x86_64-pc-linux-gnu/bin/../lib/gcc/nios2-elf/4.9.2/../../../../../H-x86_64-pc-linux-gnu/nios2-elf/lib/libsmallc.a(lib_a-int_errno.o)
 .debug_aranges
                0x00000000000001c0       0x20 /home/tomas/altera_lite/15.1/nios2eds/bin/gnu/H-x86_64-pc-linux-gnu/bin/../lib/gcc/nios2-elf/4.9.2/../../../../../H-x86_64-pc-linux-gnu/nios2-elf/lib/libsmallc.a(lib_a-writer.o)
 .debug_aranges
                0x00000000000001e0       0x20 /home/tomas/altera_lite/15.1/nios2eds/bin/gnu/H-x86_64-pc-linux-gnu/bin/../lib/gcc/nios2-elf/4.9.2/libgcc.a(lib2-divmod.o)
 .debug_aranges
                0x0000000000000200       0x20 ../uart_bsp//libhal_bsp.a(alt_load.o)
 .debug_aranges
                0x0000000000000220       0x20 ../uart_bsp//libhal_bsp.a(alt_main.o)
 .debug_aranges
                0x0000000000000240       0x20 ../uart_bsp//libhal_bsp.a(alt_open.o)
 .debug_aranges
                0x0000000000000260       0x20 ../uart_bsp//libhal_bsp.a(alt_read.o)
 .debug_aranges
                0x0000000000000280       0x20 ../uart_bsp//libhal_bsp.a(alt_release_fd.o)
 .debug_aranges
                0x00000000000002a0       0x20 ../uart_bsp//libhal_bsp.a(alt_sbrk.o)
 .debug_aranges
                0x00000000000002c0       0x20 ../uart_bsp//libhal_bsp.a(alt_write.o)
 .debug_aranges
                0x00000000000002e0       0x20 ../uart_bsp//libhal_bsp.a(alt_sys_init.o)
 .debug_aranges
                0x0000000000000300       0x20 ../uart_bsp//libhal_bsp.a(altera_avalon_jtag_uart_fd.o)
 .debug_aranges
                0x0000000000000320       0x20 ../uart_bsp//libhal_bsp.a(altera_avalon_jtag_uart_read.o)
 .debug_aranges
                0x0000000000000340       0x20 ../uart_bsp//libhal_bsp.a(altera_avalon_jtag_uart_write.o)
 .debug_aranges
                0x0000000000000360       0x20 ../uart_bsp//libhal_bsp.a(altera_avalon_sgdma.o)
 .debug_aranges
                0x0000000000000380       0x20 ../uart_bsp//libhal_bsp.a(altera_avalon_timer_sc.o)
 .debug_aranges
                0x00000000000003a0       0x20 ../uart_bsp//libhal_bsp.a(altera_avalon_uart_fd.o)
 .debug_aranges
                0x00000000000003c0       0x20 ../uart_bsp//libhal_bsp.a(altera_avalon_uart_read.o)
 .debug_aranges
                0x00000000000003e0       0x20 ../uart_bsp//libhal_bsp.a(altera_avalon_uart_write.o)
 .debug_aranges
                0x0000000000000400       0x20 ../uart_bsp//libhal_bsp.a(alt_close.o)
 .debug_aranges
                0x0000000000000420       0x20 ../uart_bsp//libhal_bsp.a(alt_dcache_flush.o)
 .debug_aranges
                0x0000000000000440       0x20 ../uart_bsp//libhal_bsp.a(alt_dcache_flush_all.o)
 .debug_aranges
                0x0000000000000460       0x20 ../uart_bsp//libhal_bsp.a(alt_dev.o)
 .debug_aranges
                0x0000000000000480       0x20 ../uart_bsp//libhal_bsp.a(alt_dev_llist_insert.o)
 .debug_aranges
                0x00000000000004a0       0x20 ../uart_bsp//libhal_bsp.a(alt_find_dev.o)
 .debug_aranges
                0x00000000000004c0       0x20 ../uart_bsp//libhal_bsp.a(alt_find_file.o)
 .debug_aranges
                0x00000000000004e0       0x20 ../uart_bsp//libhal_bsp.a(alt_get_fd.o)
 .debug_aranges
                0x0000000000000500       0x20 ../uart_bsp//libhal_bsp.a(alt_icache_flush_all.o)
 .debug_aranges
                0x0000000000000520       0x20 ../uart_bsp//libhal_bsp.a(alt_iic.o)
 .debug_aranges
                0x0000000000000540       0x20 ../uart_bsp//libhal_bsp.a(alt_iic_isr_register.o)
 .debug_aranges
                0x0000000000000560       0x20 ../uart_bsp//libhal_bsp.a(alt_io_redirect.o)
 .debug_aranges
                0x0000000000000580       0x30 ../uart_bsp//libhal_bsp.a(alt_irq_entry.o)
 .debug_aranges
                0x00000000000005b0       0x20 ../uart_bsp//libhal_bsp.a(alt_irq_handler.o)
 .debug_aranges
                0x00000000000005d0       0x20 ../uart_bsp//libhal_bsp.a(alt_tick.o)
 .debug_aranges
                0x00000000000005f0       0x20 ../uart_bsp//libhal_bsp.a(altera_nios2_gen2_irq.o)
 .debug_aranges
                0x0000000000000610       0x38 ../uart_bsp//libhal_bsp.a(alt_exception_entry.o)
 .debug_aranges
                0x0000000000000648       0x20 ../uart_bsp//libhal_bsp.a(alt_icache_flush.o)
 .debug_aranges
                0x0000000000000668       0x28 ../uart_bsp//libhal_bsp.a(alt_instruction_exception_entry.o)
 .debug_aranges
                0x0000000000000690       0x20 /home/tomas/altera_lite/15.1/nios2eds/bin/gnu/H-x86_64-pc-linux-gnu/bin/../lib/gcc/nios2-elf/4.9.2/../../../../../H-x86_64-pc-linux-gnu/nios2-elf/lib/libsmallc.a(lib_a-exit.o)
 .debug_aranges
                0x00000000000006b0       0x20 /home/tomas/altera_lite/15.1/nios2eds/bin/gnu/H-x86_64-pc-linux-gnu/bin/../lib/gcc/nios2-elf/4.9.2/../../../../../H-x86_64-pc-linux-gnu/nios2-elf/lib/libsmallc.a(lib_a-memcmp.o)
 .debug_aranges
                0x00000000000006d0       0x20 /home/tomas/altera_lite/15.1/nios2eds/bin/gnu/H-x86_64-pc-linux-gnu/bin/../lib/gcc/nios2-elf/4.9.2/../../../../../H-x86_64-pc-linux-gnu/nios2-elf/lib/libsmallc.a(lib_a-__call_atexit.o)
 .debug_aranges
                0x00000000000006f0       0x20 ../uart_bsp//libhal_bsp.a(alt_exit.o)

.debug_pubnames
 *(.debug_pubnames)

.debug_info     0x0000000000000000     0x6486
 *(.debug_info .gnu.linkonce.wi.*)
 .debug_info    0x0000000000000000       0x5b ../uart_bsp//obj/HAL/src/crt0.o
 .debug_info    0x000000000000005b      0x603 obj/default/main.o
 .debug_info    0x000000000000065e      0x628 /home/tomas/altera_lite/15.1/nios2eds/bin/gnu/H-x86_64-pc-linux-gnu/bin/../lib/gcc/nios2-elf/4.9.2/../../../../../H-x86_64-pc-linux-gnu/nios2-elf/lib/libsmallc.a(lib_a-malloc.o)
 .debug_info    0x0000000000000c86      0x685 /home/tomas/altera_lite/15.1/nios2eds/bin/gnu/H-x86_64-pc-linux-gnu/bin/../lib/gcc/nios2-elf/4.9.2/../../../../../H-x86_64-pc-linux-gnu/nios2-elf/lib/libsmallc.a(lib_a-nano-freer.o)
 .debug_info    0x000000000000130b      0x761 /home/tomas/altera_lite/15.1/nios2eds/bin/gnu/H-x86_64-pc-linux-gnu/bin/../lib/gcc/nios2-elf/4.9.2/../../../../../H-x86_64-pc-linux-gnu/nios2-elf/lib/libsmallc.a(lib_a-nano-mallocr.o)
 .debug_info    0x0000000000001a6c      0x6c7 /home/tomas/altera_lite/15.1/nios2eds/bin/gnu/H-x86_64-pc-linux-gnu/bin/../lib/gcc/nios2-elf/4.9.2/../../../../../H-x86_64-pc-linux-gnu/nios2-elf/lib/libsmallc.a(lib_a-printf.o)
 .debug_info    0x0000000000002133      0x685 /home/tomas/altera_lite/15.1/nios2eds/bin/gnu/H-x86_64-pc-linux-gnu/bin/../lib/gcc/nios2-elf/4.9.2/../../../../../H-x86_64-pc-linux-gnu/nios2-elf/lib/libsmallc.a(lib_a-puts.o)
 .debug_info    0x00000000000027b8      0x607 /home/tomas/altera_lite/15.1/nios2eds/bin/gnu/H-x86_64-pc-linux-gnu/bin/../lib/gcc/nios2-elf/4.9.2/../../../../../H-x86_64-pc-linux-gnu/nios2-elf/lib/libsmallc.a(lib_a-sbrkr.o)
 .debug_info    0x0000000000002dbf       0xc2 /home/tomas/altera_lite/15.1/nios2eds/bin/gnu/H-x86_64-pc-linux-gnu/bin/../lib/gcc/nios2-elf/4.9.2/../../../../../H-x86_64-pc-linux-gnu/nios2-elf/lib/libsmallc.a(lib_a-strlen.o)
 .debug_info    0x0000000000002e81      0xb38 /home/tomas/altera_lite/15.1/nios2eds/bin/gnu/H-x86_64-pc-linux-gnu/bin/../lib/gcc/nios2-elf/4.9.2/../../../../../H-x86_64-pc-linux-gnu/nios2-elf/lib/libsmallc.a(lib_a-vfprintf.o)
 .debug_info    0x00000000000039b9      0x656 /home/tomas/altera_lite/15.1/nios2eds/bin/gnu/H-x86_64-pc-linux-gnu/bin/../lib/gcc/nios2-elf/4.9.2/../../../../../H-x86_64-pc-linux-gnu/nios2-elf/lib/libsmallc.a(lib_a-fvwrite_small_dev.o)
 .debug_info    0x000000000000400f      0x5a7 /home/tomas/altera_lite/15.1/nios2eds/bin/gnu/H-x86_64-pc-linux-gnu/bin/../lib/gcc/nios2-elf/4.9.2/../../../../../H-x86_64-pc-linux-gnu/nios2-elf/lib/libsmallc.a(lib_a-impure.o)
 .debug_info    0x00000000000045b6       0x83 /home/tomas/altera_lite/15.1/nios2eds/bin/gnu/H-x86_64-pc-linux-gnu/bin/../lib/gcc/nios2-elf/4.9.2/../../../../../H-x86_64-pc-linux-gnu/nios2-elf/lib/libsmallc.a(lib_a-int_errno.o)
 .debug_info    0x0000000000004639      0x639 /home/tomas/altera_lite/15.1/nios2eds/bin/gnu/H-x86_64-pc-linux-gnu/bin/../lib/gcc/nios2-elf/4.9.2/../../../../../H-x86_64-pc-linux-gnu/nios2-elf/lib/libsmallc.a(lib_a-writer.o)
 .debug_info    0x0000000000004c72      0x234 /home/tomas/altera_lite/15.1/nios2eds/bin/gnu/H-x86_64-pc-linux-gnu/bin/../lib/gcc/nios2-elf/4.9.2/libgcc.a(lib2-divmod.o)
 .debug_info    0x0000000000004ea6       0x6d ../uart_bsp//libhal_bsp.a(alt_load.o)
 .debug_info    0x0000000000004f13       0x3f ../uart_bsp//libhal_bsp.a(alt_main.o)
 .debug_info    0x0000000000004f52       0x66 ../uart_bsp//libhal_bsp.a(alt_open.o)
 .debug_info    0x0000000000004fb8       0x48 ../uart_bsp//libhal_bsp.a(alt_read.o)
 .debug_info    0x0000000000005000       0x37 ../uart_bsp//libhal_bsp.a(alt_release_fd.o)
 .debug_info    0x0000000000005037       0x75 ../uart_bsp//libhal_bsp.a(alt_sbrk.o)
 .debug_info    0x00000000000050ac       0x48 ../uart_bsp//libhal_bsp.a(alt_write.o)
 .debug_info    0x00000000000050f4       0x8b ../uart_bsp//libhal_bsp.a(alt_sys_init.o)
 .debug_info    0x000000000000517f       0x48 ../uart_bsp//libhal_bsp.a(altera_avalon_jtag_uart_fd.o)
 .debug_info    0x00000000000051c7       0x37 ../uart_bsp//libhal_bsp.a(altera_avalon_jtag_uart_read.o)
 .debug_info    0x00000000000051fe       0x37 ../uart_bsp//libhal_bsp.a(altera_avalon_jtag_uart_write.o)
 .debug_info    0x0000000000005235      0x1cb ../uart_bsp//libhal_bsp.a(altera_avalon_sgdma.o)
 .debug_info    0x0000000000005400       0x93 ../uart_bsp//libhal_bsp.a(altera_avalon_timer_sc.o)
 .debug_info    0x0000000000005493       0x48 ../uart_bsp//libhal_bsp.a(altera_avalon_uart_fd.o)
 .debug_info    0x00000000000054db       0x4f ../uart_bsp//libhal_bsp.a(altera_avalon_uart_read.o)
 .debug_info    0x000000000000552a       0x4f ../uart_bsp//libhal_bsp.a(altera_avalon_uart_write.o)
 .debug_info    0x0000000000005579       0x5e ../uart_bsp//libhal_bsp.a(alt_close.o)
 .debug_info    0x00000000000055d7       0x37 ../uart_bsp//libhal_bsp.a(alt_dcache_flush.o)
 .debug_info    0x000000000000560e       0x37 ../uart_bsp//libhal_bsp.a(alt_dcache_flush_all.o)
 .debug_info    0x0000000000005645       0x37 ../uart_bsp//libhal_bsp.a(alt_dev.o)
 .debug_info    0x000000000000567c       0x66 ../uart_bsp//libhal_bsp.a(alt_dev_llist_insert.o)
 .debug_info    0x00000000000056e2       0x37 ../uart_bsp//libhal_bsp.a(alt_find_dev.o)
 .debug_info    0x0000000000005719       0x37 ../uart_bsp//libhal_bsp.a(alt_find_file.o)
 .debug_info    0x0000000000005750       0x3f ../uart_bsp//libhal_bsp.a(alt_get_fd.o)
 .debug_info    0x000000000000578f       0x37 ../uart_bsp//libhal_bsp.a(alt_icache_flush_all.o)
 .debug_info    0x00000000000057c6       0xf0 ../uart_bsp//libhal_bsp.a(alt_iic.o)
 .debug_info    0x00000000000058b6       0x66 ../uart_bsp//libhal_bsp.a(alt_iic_isr_register.o)
 .debug_info    0x000000000000591c       0x4e ../uart_bsp//libhal_bsp.a(alt_io_redirect.o)
 .debug_info    0x000000000000596a       0x64 ../uart_bsp//libhal_bsp.a(alt_irq_entry.o)
 .debug_info    0x00000000000059ce       0x5e ../uart_bsp//libhal_bsp.a(alt_irq_handler.o)
 .debug_info    0x0000000000005a2c       0x92 ../uart_bsp//libhal_bsp.a(alt_tick.o)
 .debug_info    0x0000000000005abe       0x37 ../uart_bsp//libhal_bsp.a(altera_nios2_gen2_irq.o)
 .debug_info    0x0000000000005af5       0x6a ../uart_bsp//libhal_bsp.a(alt_exception_entry.o)
 .debug_info    0x0000000000005b5f       0x37 ../uart_bsp//libhal_bsp.a(alt_icache_flush.o)
 .debug_info    0x0000000000005b96       0x48 ../uart_bsp//libhal_bsp.a(alt_instruction_exception_entry.o)
 .debug_info    0x0000000000005bde       0xed /home/tomas/altera_lite/15.1/nios2eds/bin/gnu/H-x86_64-pc-linux-gnu/bin/../lib/gcc/nios2-elf/4.9.2/../../../../../H-x86_64-pc-linux-gnu/nios2-elf/lib/libsmallc.a(lib_a-exit.o)
 .debug_info    0x0000000000005ccb       0xed /home/tomas/altera_lite/15.1/nios2eds/bin/gnu/H-x86_64-pc-linux-gnu/bin/../lib/gcc/nios2-elf/4.9.2/../../../../../H-x86_64-pc-linux-gnu/nios2-elf/lib/libsmallc.a(lib_a-memcmp.o)
 .debug_info    0x0000000000005db8      0x67f /home/tomas/altera_lite/15.1/nios2eds/bin/gnu/H-x86_64-pc-linux-gnu/bin/../lib/gcc/nios2-elf/4.9.2/../../../../../H-x86_64-pc-linux-gnu/nios2-elf/lib/libsmallc.a(lib_a-__call_atexit.o)
 .debug_info    0x0000000000006437       0x4f ../uart_bsp//libhal_bsp.a(alt_exit.o)

.debug_abbrev   0x0000000000000000     0x2258
 *(.debug_abbrev)
 .debug_abbrev  0x0000000000000000       0x12 ../uart_bsp//obj/HAL/src/crt0.o
 .debug_abbrev  0x0000000000000012      0x193 obj/default/main.o
 .debug_abbrev  0x00000000000001a5      0x1c4 /home/tomas/altera_lite/15.1/nios2eds/bin/gnu/H-x86_64-pc-linux-gnu/bin/../lib/gcc/nios2-elf/4.9.2/../../../../../H-x86_64-pc-linux-gnu/nios2-elf/lib/libsmallc.a(lib_a-malloc.o)
 .debug_abbrev  0x0000000000000369      0x1dd /home/tomas/altera_lite/15.1/nios2eds/bin/gnu/H-x86_64-pc-linux-gnu/bin/../lib/gcc/nios2-elf/4.9.2/../../../../../H-x86_64-pc-linux-gnu/nios2-elf/lib/libsmallc.a(lib_a-nano-freer.o)
 .debug_abbrev  0x0000000000000546      0x26b /home/tomas/altera_lite/15.1/nios2eds/bin/gnu/H-x86_64-pc-linux-gnu/bin/../lib/gcc/nios2-elf/4.9.2/../../../../../H-x86_64-pc-linux-gnu/nios2-elf/lib/libsmallc.a(lib_a-nano-mallocr.o)
 .debug_abbrev  0x00000000000007b1      0x1fe /home/tomas/altera_lite/15.1/nios2eds/bin/gnu/H-x86_64-pc-linux-gnu/bin/../lib/gcc/nios2-elf/4.9.2/../../../../../H-x86_64-pc-linux-gnu/nios2-elf/lib/libsmallc.a(lib_a-printf.o)
 .debug_abbrev  0x00000000000009af      0x1ed /home/tomas/altera_lite/15.1/nios2eds/bin/gnu/H-x86_64-pc-linux-gnu/bin/../lib/gcc/nios2-elf/4.9.2/../../../../../H-x86_64-pc-linux-gnu/nios2-elf/lib/libsmallc.a(lib_a-puts.o)
 .debug_abbrev  0x0000000000000b9c      0x1c7 /home/tomas/altera_lite/15.1/nios2eds/bin/gnu/H-x86_64-pc-linux-gnu/bin/../lib/gcc/nios2-elf/4.9.2/../../../../../H-x86_64-pc-linux-gnu/nios2-elf/lib/libsmallc.a(lib_a-sbrkr.o)
 .debug_abbrev  0x0000000000000d63       0x7f /home/tomas/altera_lite/15.1/nios2eds/bin/gnu/H-x86_64-pc-linux-gnu/bin/../lib/gcc/nios2-elf/4.9.2/../../../../../H-x86_64-pc-linux-gnu/nios2-elf/lib/libsmallc.a(lib_a-strlen.o)
 .debug_abbrev  0x0000000000000de2      0x2a1 /home/tomas/altera_lite/15.1/nios2eds/bin/gnu/H-x86_64-pc-linux-gnu/bin/../lib/gcc/nios2-elf/4.9.2/../../../../../H-x86_64-pc-linux-gnu/nios2-elf/lib/libsmallc.a(lib_a-vfprintf.o)
 .debug_abbrev  0x0000000000001083      0x1c3 /home/tomas/altera_lite/15.1/nios2eds/bin/gnu/H-x86_64-pc-linux-gnu/bin/../lib/gcc/nios2-elf/4.9.2/../../../../../H-x86_64-pc-linux-gnu/nios2-elf/lib/libsmallc.a(lib_a-fvwrite_small_dev.o)
 .debug_abbrev  0x0000000000001246      0x14a /home/tomas/altera_lite/15.1/nios2eds/bin/gnu/H-x86_64-pc-linux-gnu/bin/../lib/gcc/nios2-elf/4.9.2/../../../../../H-x86_64-pc-linux-gnu/nios2-elf/lib/libsmallc.a(lib_a-impure.o)
 .debug_abbrev  0x0000000000001390       0x37 /home/tomas/altera_lite/15.1/nios2eds/bin/gnu/H-x86_64-pc-linux-gnu/bin/../lib/gcc/nios2-elf/4.9.2/../../../../../H-x86_64-pc-linux-gnu/nios2-elf/lib/libsmallc.a(lib_a-int_errno.o)
 .debug_abbrev  0x00000000000013c7      0x1a8 /home/tomas/altera_lite/15.1/nios2eds/bin/gnu/H-x86_64-pc-linux-gnu/bin/../lib/gcc/nios2-elf/4.9.2/../../../../../H-x86_64-pc-linux-gnu/nios2-elf/lib/libsmallc.a(lib_a-writer.o)
 .debug_abbrev  0x000000000000156f       0xd9 /home/tomas/altera_lite/15.1/nios2eds/bin/gnu/H-x86_64-pc-linux-gnu/bin/../lib/gcc/nios2-elf/4.9.2/libgcc.a(lib2-divmod.o)
 .debug_abbrev  0x0000000000001648       0x43 ../uart_bsp//libhal_bsp.a(alt_load.o)
 .debug_abbrev  0x000000000000168b       0x37 ../uart_bsp//libhal_bsp.a(alt_main.o)
 .debug_abbrev  0x00000000000016c2       0x55 ../uart_bsp//libhal_bsp.a(alt_open.o)
 .debug_abbrev  0x0000000000001717       0x3b ../uart_bsp//libhal_bsp.a(alt_read.o)
 .debug_abbrev  0x0000000000001752       0x2a ../uart_bsp//libhal_bsp.a(alt_release_fd.o)
 .debug_abbrev  0x000000000000177c       0x46 ../uart_bsp//libhal_bsp.a(alt_sbrk.o)
 .debug_abbrev  0x00000000000017c2       0x3b ../uart_bsp//libhal_bsp.a(alt_write.o)
 .debug_abbrev  0x00000000000017fd       0x6a ../uart_bsp//libhal_bsp.a(alt_sys_init.o)
 .debug_abbrev  0x0000000000001867       0x27 ../uart_bsp//libhal_bsp.a(altera_avalon_jtag_uart_fd.o)
 .debug_abbrev  0x000000000000188e       0x2a ../uart_bsp//libhal_bsp.a(altera_avalon_jtag_uart_read.o)
 .debug_abbrev  0x00000000000018b8       0x2a ../uart_bsp//libhal_bsp.a(altera_avalon_jtag_uart_write.o)
 .debug_abbrev  0x00000000000018e2       0xc9 ../uart_bsp//libhal_bsp.a(altera_avalon_sgdma.o)
 .debug_abbrev  0x00000000000019ab       0x6b ../uart_bsp//libhal_bsp.a(altera_avalon_timer_sc.o)
 .debug_abbrev  0x0000000000001a16       0x27 ../uart_bsp//libhal_bsp.a(altera_avalon_uart_fd.o)
 .debug_abbrev  0x0000000000001a3d       0x46 ../uart_bsp//libhal_bsp.a(altera_avalon_uart_read.o)
 .debug_abbrev  0x0000000000001a83       0x46 ../uart_bsp//libhal_bsp.a(altera_avalon_uart_write.o)
 .debug_abbrev  0x0000000000001ac9       0x46 ../uart_bsp//libhal_bsp.a(alt_close.o)
 .debug_abbrev  0x0000000000001b0f       0x2a ../uart_bsp//libhal_bsp.a(alt_dcache_flush.o)
 .debug_abbrev  0x0000000000001b39       0x2a ../uart_bsp//libhal_bsp.a(alt_dcache_flush_all.o)
 .debug_abbrev  0x0000000000001b63       0x28 ../uart_bsp//libhal_bsp.a(alt_dev.o)
 .debug_abbrev  0x0000000000001b8b       0x55 ../uart_bsp//libhal_bsp.a(alt_dev_llist_insert.o)
 .debug_abbrev  0x0000000000001be0       0x2a ../uart_bsp//libhal_bsp.a(alt_find_dev.o)
 .debug_abbrev  0x0000000000001c0a       0x2a ../uart_bsp//libhal_bsp.a(alt_find_file.o)
 .debug_abbrev  0x0000000000001c34       0x37 ../uart_bsp//libhal_bsp.a(alt_get_fd.o)
 .debug_abbrev  0x0000000000001c6b       0x27 ../uart_bsp//libhal_bsp.a(alt_icache_flush_all.o)
 .debug_abbrev  0x0000000000001c92       0x80 ../uart_bsp//libhal_bsp.a(alt_iic.o)
 .debug_abbrev  0x0000000000001d12       0x46 ../uart_bsp//libhal_bsp.a(alt_iic_isr_register.o)
 .debug_abbrev  0x0000000000001d58       0x41 ../uart_bsp//libhal_bsp.a(alt_io_redirect.o)
 .debug_abbrev  0x0000000000001d99       0x12 ../uart_bsp//libhal_bsp.a(alt_irq_entry.o)
 .debug_abbrev  0x0000000000001dab       0x46 ../uart_bsp//libhal_bsp.a(alt_irq_handler.o)
 .debug_abbrev  0x0000000000001df1       0x5e ../uart_bsp//libhal_bsp.a(alt_tick.o)
 .debug_abbrev  0x0000000000001e4f       0x2a ../uart_bsp//libhal_bsp.a(altera_nios2_gen2_irq.o)
 .debug_abbrev  0x0000000000001e79       0x12 ../uart_bsp//libhal_bsp.a(alt_exception_entry.o)
 .debug_abbrev  0x0000000000001e8b       0x2a ../uart_bsp//libhal_bsp.a(alt_icache_flush.o)
 .debug_abbrev  0x0000000000001eb5       0x3d ../uart_bsp//libhal_bsp.a(alt_instruction_exception_entry.o)
 .debug_abbrev  0x0000000000001ef2       0xa9 /home/tomas/altera_lite/15.1/nios2eds/bin/gnu/H-x86_64-pc-linux-gnu/bin/../lib/gcc/nios2-elf/4.9.2/../../../../../H-x86_64-pc-linux-gnu/nios2-elf/lib/libsmallc.a(lib_a-exit.o)
 .debug_abbrev  0x0000000000001f9b       0x7f /home/tomas/altera_lite/15.1/nios2eds/bin/gnu/H-x86_64-pc-linux-gnu/bin/../lib/gcc/nios2-elf/4.9.2/../../../../../H-x86_64-pc-linux-gnu/nios2-elf/lib/libsmallc.a(lib_a-memcmp.o)
 .debug_abbrev  0x000000000000201a      0x1f8 /home/tomas/altera_lite/15.1/nios2eds/bin/gnu/H-x86_64-pc-linux-gnu/bin/../lib/gcc/nios2-elf/4.9.2/../../../../../H-x86_64-pc-linux-gnu/nios2-elf/lib/libsmallc.a(lib_a-__call_atexit.o)
 .debug_abbrev  0x0000000000002212       0x46 ../uart_bsp//libhal_bsp.a(alt_exit.o)

.debug_line     0x0000000000000000     0x339a
 *(.debug_line)
 .debug_line    0x0000000000000000       0x6c ../uart_bsp//obj/HAL/src/crt0.o
 .debug_line    0x000000000000006c      0x36b obj/default/main.o
 .debug_line    0x00000000000003d7      0x1ea /home/tomas/altera_lite/15.1/nios2eds/bin/gnu/H-x86_64-pc-linux-gnu/bin/../lib/gcc/nios2-elf/4.9.2/../../../../../H-x86_64-pc-linux-gnu/nios2-elf/lib/libsmallc.a(lib_a-malloc.o)
 .debug_line    0x00000000000005c1      0x19e /home/tomas/altera_lite/15.1/nios2eds/bin/gnu/H-x86_64-pc-linux-gnu/bin/../lib/gcc/nios2-elf/4.9.2/../../../../../H-x86_64-pc-linux-gnu/nios2-elf/lib/libsmallc.a(lib_a-nano-freer.o)
 .debug_line    0x000000000000075f      0x21d /home/tomas/altera_lite/15.1/nios2eds/bin/gnu/H-x86_64-pc-linux-gnu/bin/../lib/gcc/nios2-elf/4.9.2/../../../../../H-x86_64-pc-linux-gnu/nios2-elf/lib/libsmallc.a(lib_a-nano-mallocr.o)
 .debug_line    0x000000000000097c      0x205 /home/tomas/altera_lite/15.1/nios2eds/bin/gnu/H-x86_64-pc-linux-gnu/bin/../lib/gcc/nios2-elf/4.9.2/../../../../../H-x86_64-pc-linux-gnu/nios2-elf/lib/libsmallc.a(lib_a-printf.o)
 .debug_line    0x0000000000000b81      0x205 /home/tomas/altera_lite/15.1/nios2eds/bin/gnu/H-x86_64-pc-linux-gnu/bin/../lib/gcc/nios2-elf/4.9.2/../../../../../H-x86_64-pc-linux-gnu/nios2-elf/lib/libsmallc.a(lib_a-puts.o)
 .debug_line    0x0000000000000d86      0x1dd /home/tomas/altera_lite/15.1/nios2eds/bin/gnu/H-x86_64-pc-linux-gnu/bin/../lib/gcc/nios2-elf/4.9.2/../../../../../H-x86_64-pc-linux-gnu/nios2-elf/lib/libsmallc.a(lib_a-sbrkr.o)
 .debug_line    0x0000000000000f63      0x159 /home/tomas/altera_lite/15.1/nios2eds/bin/gnu/H-x86_64-pc-linux-gnu/bin/../lib/gcc/nios2-elf/4.9.2/../../../../../H-x86_64-pc-linux-gnu/nios2-elf/lib/libsmallc.a(lib_a-strlen.o)
 .debug_line    0x00000000000010bc      0x353 /home/tomas/altera_lite/15.1/nios2eds/bin/gnu/H-x86_64-pc-linux-gnu/bin/../lib/gcc/nios2-elf/4.9.2/../../../../../H-x86_64-pc-linux-gnu/nios2-elf/lib/libsmallc.a(lib_a-vfprintf.o)
 .debug_line    0x000000000000140f      0x1ef /home/tomas/altera_lite/15.1/nios2eds/bin/gnu/H-x86_64-pc-linux-gnu/bin/../lib/gcc/nios2-elf/4.9.2/../../../../../H-x86_64-pc-linux-gnu/nios2-elf/lib/libsmallc.a(lib_a-fvwrite_small_dev.o)
 .debug_line    0x00000000000015fe      0x153 /home/tomas/altera_lite/15.1/nios2eds/bin/gnu/H-x86_64-pc-linux-gnu/bin/../lib/gcc/nios2-elf/4.9.2/../../../../../H-x86_64-pc-linux-gnu/nios2-elf/lib/libsmallc.a(lib_a-impure.o)
 .debug_line    0x0000000000001751       0x5c /home/tomas/altera_lite/15.1/nios2eds/bin/gnu/H-x86_64-pc-linux-gnu/bin/../lib/gcc/nios2-elf/4.9.2/../../../../../H-x86_64-pc-linux-gnu/nios2-elf/lib/libsmallc.a(lib_a-int_errno.o)
 .debug_line    0x00000000000017ad      0x1ea /home/tomas/altera_lite/15.1/nios2eds/bin/gnu/H-x86_64-pc-linux-gnu/bin/../lib/gcc/nios2-elf/4.9.2/../../../../../H-x86_64-pc-linux-gnu/nios2-elf/lib/libsmallc.a(lib_a-writer.o)
 .debug_line    0x0000000000001997       0xc4 /home/tomas/altera_lite/15.1/nios2eds/bin/gnu/H-x86_64-pc-linux-gnu/bin/../lib/gcc/nios2-elf/4.9.2/libgcc.a(lib2-divmod.o)
 .debug_line    0x0000000000001a5b       0x7e ../uart_bsp//libhal_bsp.a(alt_load.o)
 .debug_line    0x0000000000001ad9       0x77 ../uart_bsp//libhal_bsp.a(alt_main.o)
 .debug_line    0x0000000000001b50       0xc1 ../uart_bsp//libhal_bsp.a(alt_open.o)
 .debug_line    0x0000000000001c11       0xf9 ../uart_bsp//libhal_bsp.a(alt_read.o)
 .debug_line    0x0000000000001d0a       0x4c ../uart_bsp//libhal_bsp.a(alt_release_fd.o)
 .debug_line    0x0000000000001d56       0x89 ../uart_bsp//libhal_bsp.a(alt_sbrk.o)
 .debug_line    0x0000000000001ddf       0xf9 ../uart_bsp//libhal_bsp.a(alt_write.o)
 .debug_line    0x0000000000001ed8       0x8d ../uart_bsp//libhal_bsp.a(alt_sys_init.o)
 .debug_line    0x0000000000001f65       0x61 ../uart_bsp//libhal_bsp.a(altera_avalon_jtag_uart_fd.o)
 .debug_line    0x0000000000001fc6       0x6f ../uart_bsp//libhal_bsp.a(altera_avalon_jtag_uart_read.o)
 .debug_line    0x0000000000002035       0x64 ../uart_bsp//libhal_bsp.a(altera_avalon_jtag_uart_write.o)
 .debug_line    0x0000000000002099      0x1cd ../uart_bsp//libhal_bsp.a(altera_avalon_sgdma.o)
 .debug_line    0x0000000000002266       0xb0 ../uart_bsp//libhal_bsp.a(altera_avalon_timer_sc.o)
 .debug_line    0x0000000000002316       0x5c ../uart_bsp//libhal_bsp.a(altera_avalon_uart_fd.o)
 .debug_line    0x0000000000002372       0xa1 ../uart_bsp//libhal_bsp.a(altera_avalon_uart_read.o)
 .debug_line    0x0000000000002413       0x91 ../uart_bsp//libhal_bsp.a(altera_avalon_uart_write.o)
 .debug_line    0x00000000000024a4      0x107 ../uart_bsp//libhal_bsp.a(alt_close.o)
 .debug_line    0x00000000000025ab       0x4a ../uart_bsp//libhal_bsp.a(alt_dcache_flush.o)
 .debug_line    0x00000000000025f5       0x4e ../uart_bsp//libhal_bsp.a(alt_dcache_flush_all.o)
 .debug_line    0x0000000000002643       0x43 ../uart_bsp//libhal_bsp.a(alt_dev.o)
 .debug_line    0x0000000000002686       0xb6 ../uart_bsp//libhal_bsp.a(alt_dev_llist_insert.o)
 .debug_line    0x000000000000273c        0x0 ../uart_bsp//libhal_bsp.a(alt_errno.o)
 .debug_line    0x000000000000273c       0x50 ../uart_bsp//libhal_bsp.a(alt_find_dev.o)
 .debug_line    0x000000000000278c       0x6b ../uart_bsp//libhal_bsp.a(alt_find_file.o)
 .debug_line    0x00000000000027f7       0x7b ../uart_bsp//libhal_bsp.a(alt_get_fd.o)
 .debug_line    0x0000000000002872       0x51 ../uart_bsp//libhal_bsp.a(alt_icache_flush_all.o)
 .debug_line    0x00000000000028c3       0xbe ../uart_bsp//libhal_bsp.a(alt_iic.o)
 .debug_line    0x0000000000002981       0x9b ../uart_bsp//libhal_bsp.a(alt_iic_isr_register.o)
 .debug_line    0x0000000000002a1c       0x6a ../uart_bsp//libhal_bsp.a(alt_io_redirect.o)
 .debug_line    0x0000000000002a86       0x6b ../uart_bsp//libhal_bsp.a(alt_irq_entry.o)
 .debug_line    0x0000000000002af1       0x8c ../uart_bsp//libhal_bsp.a(alt_irq_handler.o)
 .debug_line    0x0000000000002b7d        0x0 ../uart_bsp//libhal_bsp.a(alt_irq_vars.o)
 .debug_line    0x0000000000002b7d       0xbe ../uart_bsp//libhal_bsp.a(alt_tick.o)
 .debug_line    0x0000000000002c3b       0x50 ../uart_bsp//libhal_bsp.a(altera_nios2_gen2_irq.o)
 .debug_line    0x0000000000002c8b       0xb3 ../uart_bsp//libhal_bsp.a(alt_exception_entry.o)
 .debug_line    0x0000000000002d3e       0x64 ../uart_bsp//libhal_bsp.a(alt_icache_flush.o)
 .debug_line    0x0000000000002da2       0x8c ../uart_bsp//libhal_bsp.a(alt_instruction_exception_entry.o)
 .debug_line    0x0000000000002e2e      0x156 /home/tomas/altera_lite/15.1/nios2eds/bin/gnu/H-x86_64-pc-linux-gnu/bin/../lib/gcc/nios2-elf/4.9.2/../../../../../H-x86_64-pc-linux-gnu/nios2-elf/lib/libsmallc.a(lib_a-exit.o)
 .debug_line    0x0000000000002f84      0x15d /home/tomas/altera_lite/15.1/nios2eds/bin/gnu/H-x86_64-pc-linux-gnu/bin/../lib/gcc/nios2-elf/4.9.2/../../../../../H-x86_64-pc-linux-gnu/nios2-elf/lib/libsmallc.a(lib_a-memcmp.o)
 .debug_line    0x00000000000030e1      0x24c /home/tomas/altera_lite/15.1/nios2eds/bin/gnu/H-x86_64-pc-linux-gnu/bin/../lib/gcc/nios2-elf/4.9.2/../../../../../H-x86_64-pc-linux-gnu/nios2-elf/lib/libsmallc.a(lib_a-__call_atexit.o)
 .debug_line    0x000000000000332d       0x6d ../uart_bsp//libhal_bsp.a(alt_exit.o)

.debug_frame    0x0000000000000000      0xcbc
 *(.debug_frame)
 .debug_frame   0x0000000000000000       0xd4 obj/default/main.o
 .debug_frame   0x00000000000000d4       0x30 /home/tomas/altera_lite/15.1/nios2eds/bin/gnu/H-x86_64-pc-linux-gnu/bin/../lib/gcc/nios2-elf/4.9.2/../../../../../H-x86_64-pc-linux-gnu/nios2-elf/lib/libsmallc.a(lib_a-malloc.o)
 .debug_frame   0x0000000000000104       0x20 /home/tomas/altera_lite/15.1/nios2eds/bin/gnu/H-x86_64-pc-linux-gnu/bin/../lib/gcc/nios2-elf/4.9.2/../../../../../H-x86_64-pc-linux-gnu/nios2-elf/lib/libsmallc.a(lib_a-nano-freer.o)
 .debug_frame   0x0000000000000124       0x40 /home/tomas/altera_lite/15.1/nios2eds/bin/gnu/H-x86_64-pc-linux-gnu/bin/../lib/gcc/nios2-elf/4.9.2/../../../../../H-x86_64-pc-linux-gnu/nios2-elf/lib/libsmallc.a(lib_a-nano-mallocr.o)
 .debug_frame   0x0000000000000164       0x48 /home/tomas/altera_lite/15.1/nios2eds/bin/gnu/H-x86_64-pc-linux-gnu/bin/../lib/gcc/nios2-elf/4.9.2/../../../../../H-x86_64-pc-linux-gnu/nios2-elf/lib/libsmallc.a(lib_a-printf.o)
 .debug_frame   0x00000000000001ac       0x48 /home/tomas/altera_lite/15.1/nios2eds/bin/gnu/H-x86_64-pc-linux-gnu/bin/../lib/gcc/nios2-elf/4.9.2/../../../../../H-x86_64-pc-linux-gnu/nios2-elf/lib/libsmallc.a(lib_a-puts.o)
 .debug_frame   0x00000000000001f4       0x38 /home/tomas/altera_lite/15.1/nios2eds/bin/gnu/H-x86_64-pc-linux-gnu/bin/../lib/gcc/nios2-elf/4.9.2/../../../../../H-x86_64-pc-linux-gnu/nios2-elf/lib/libsmallc.a(lib_a-sbrkr.o)
 .debug_frame   0x000000000000022c       0x20 /home/tomas/altera_lite/15.1/nios2eds/bin/gnu/H-x86_64-pc-linux-gnu/bin/../lib/gcc/nios2-elf/4.9.2/../../../../../H-x86_64-pc-linux-gnu/nios2-elf/lib/libsmallc.a(lib_a-strlen.o)
 .debug_frame   0x000000000000024c       0x8c /home/tomas/altera_lite/15.1/nios2eds/bin/gnu/H-x86_64-pc-linux-gnu/bin/../lib/gcc/nios2-elf/4.9.2/../../../../../H-x86_64-pc-linux-gnu/nios2-elf/lib/libsmallc.a(lib_a-vfprintf.o)
 .debug_frame   0x00000000000002d8       0x40 /home/tomas/altera_lite/15.1/nios2eds/bin/gnu/H-x86_64-pc-linux-gnu/bin/../lib/gcc/nios2-elf/4.9.2/../../../../../H-x86_64-pc-linux-gnu/nios2-elf/lib/libsmallc.a(lib_a-fvwrite_small_dev.o)
 .debug_frame   0x0000000000000318       0x38 /home/tomas/altera_lite/15.1/nios2eds/bin/gnu/H-x86_64-pc-linux-gnu/bin/../lib/gcc/nios2-elf/4.9.2/../../../../../H-x86_64-pc-linux-gnu/nios2-elf/lib/libsmallc.a(lib_a-writer.o)
 .debug_frame   0x0000000000000350       0x8c /home/tomas/altera_lite/15.1/nios2eds/bin/gnu/H-x86_64-pc-linux-gnu/bin/../lib/gcc/nios2-elf/4.9.2/libgcc.a(lib2-divmod.o)
 .debug_frame   0x00000000000003dc       0x30 ../uart_bsp//libhal_bsp.a(alt_load.o)
 .debug_frame   0x000000000000040c       0x28 ../uart_bsp//libhal_bsp.a(alt_main.o)
 .debug_frame   0x0000000000000434       0x48 ../uart_bsp//libhal_bsp.a(alt_open.o)
 .debug_frame   0x000000000000047c       0x40 ../uart_bsp//libhal_bsp.a(alt_read.o)
 .debug_frame   0x00000000000004bc       0x20 ../uart_bsp//libhal_bsp.a(alt_release_fd.o)
 .debug_frame   0x00000000000004dc       0x20 ../uart_bsp//libhal_bsp.a(alt_sbrk.o)
 .debug_frame   0x00000000000004fc       0x40 ../uart_bsp//libhal_bsp.a(alt_write.o)
 .debug_frame   0x000000000000053c       0x4c ../uart_bsp//libhal_bsp.a(alt_sys_init.o)
 .debug_frame   0x0000000000000588       0x30 ../uart_bsp//libhal_bsp.a(altera_avalon_jtag_uart_fd.o)
 .debug_frame   0x00000000000005b8       0x20 ../uart_bsp//libhal_bsp.a(altera_avalon_jtag_uart_read.o)
 .debug_frame   0x00000000000005d8       0x20 ../uart_bsp//libhal_bsp.a(altera_avalon_jtag_uart_write.o)
 .debug_frame   0x00000000000005f8      0x1cc ../uart_bsp//libhal_bsp.a(altera_avalon_sgdma.o)
 .debug_frame   0x00000000000007c4       0x4c ../uart_bsp//libhal_bsp.a(altera_avalon_timer_sc.o)
 .debug_frame   0x0000000000000810       0x30 ../uart_bsp//libhal_bsp.a(altera_avalon_uart_fd.o)
 .debug_frame   0x0000000000000840       0x2c ../uart_bsp//libhal_bsp.a(altera_avalon_uart_read.o)
 .debug_frame   0x000000000000086c       0x34 ../uart_bsp//libhal_bsp.a(altera_avalon_uart_write.o)
 .debug_frame   0x00000000000008a0       0x34 ../uart_bsp//libhal_bsp.a(alt_close.o)
 .debug_frame   0x00000000000008d4       0x20 ../uart_bsp//libhal_bsp.a(alt_dcache_flush.o)
 .debug_frame   0x00000000000008f4       0x20 ../uart_bsp//libhal_bsp.a(alt_dcache_flush_all.o)
 .debug_frame   0x0000000000000914       0x20 ../uart_bsp//libhal_bsp.a(alt_dev.o)
 .debug_frame   0x0000000000000934       0x2c ../uart_bsp//libhal_bsp.a(alt_dev_llist_insert.o)
 .debug_frame   0x0000000000000960       0x3c ../uart_bsp//libhal_bsp.a(alt_find_dev.o)
 .debug_frame   0x000000000000099c       0x44 ../uart_bsp//libhal_bsp.a(alt_find_file.o)
 .debug_frame   0x00000000000009e0       0x20 ../uart_bsp//libhal_bsp.a(alt_get_fd.o)
 .debug_frame   0x0000000000000a00       0x20 ../uart_bsp//libhal_bsp.a(alt_icache_flush_all.o)
 .debug_frame   0x0000000000000a20       0x50 ../uart_bsp//libhal_bsp.a(alt_iic.o)
 .debug_frame   0x0000000000000a70       0x30 ../uart_bsp//libhal_bsp.a(alt_iic_isr_register.o)
 .debug_frame   0x0000000000000aa0       0x6c ../uart_bsp//libhal_bsp.a(alt_io_redirect.o)
 .debug_frame   0x0000000000000b0c       0x34 ../uart_bsp//libhal_bsp.a(alt_irq_handler.o)
 .debug_frame   0x0000000000000b40       0x50 ../uart_bsp//libhal_bsp.a(alt_tick.o)
 .debug_frame   0x0000000000000b90       0x20 ../uart_bsp//libhal_bsp.a(altera_nios2_gen2_irq.o)
 .debug_frame   0x0000000000000bb0       0x20 ../uart_bsp//libhal_bsp.a(alt_icache_flush.o)
 .debug_frame   0x0000000000000bd0       0x30 ../uart_bsp//libhal_bsp.a(alt_instruction_exception_entry.o)
 .debug_frame   0x0000000000000c00       0x28 /home/tomas/altera_lite/15.1/nios2eds/bin/gnu/H-x86_64-pc-linux-gnu/bin/../lib/gcc/nios2-elf/4.9.2/../../../../../H-x86_64-pc-linux-gnu/nios2-elf/lib/libsmallc.a(lib_a-exit.o)
 .debug_frame   0x0000000000000c28       0x20 /home/tomas/altera_lite/15.1/nios2eds/bin/gnu/H-x86_64-pc-linux-gnu/bin/../lib/gcc/nios2-elf/4.9.2/../../../../../H-x86_64-pc-linux-gnu/nios2-elf/lib/libsmallc.a(lib_a-memcmp.o)
 .debug_frame   0x0000000000000c48       0x54 /home/tomas/altera_lite/15.1/nios2eds/bin/gnu/H-x86_64-pc-linux-gnu/bin/../lib/gcc/nios2-elf/4.9.2/../../../../../H-x86_64-pc-linux-gnu/nios2-elf/lib/libsmallc.a(lib_a-__call_atexit.o)
 .debug_frame   0x0000000000000c9c       0x20 ../uart_bsp//libhal_bsp.a(alt_exit.o)

.debug_str      0x0000000000000000     0x1c0c
 *(.debug_str)
 .debug_str     0x0000000000000000      0x3da obj/default/main.o
                                        0x483 (size before relaxing)
 .debug_str     0x00000000000003da      0x3e0 /home/tomas/altera_lite/15.1/nios2eds/bin/gnu/H-x86_64-pc-linux-gnu/bin/../lib/gcc/nios2-elf/4.9.2/../../../../../H-x86_64-pc-linux-gnu/nios2-elf/lib/libsmallc.a(lib_a-malloc.o)
                                        0x4ab (size before relaxing)
 .debug_str     0x00000000000007ba       0x9c /home/tomas/altera_lite/15.1/nios2eds/bin/gnu/H-x86_64-pc-linux-gnu/bin/../lib/gcc/nios2-elf/4.9.2/../../../../../H-x86_64-pc-linux-gnu/nios2-elf/lib/libsmallc.a(lib_a-nano-freer.o)
                                        0x4ef (size before relaxing)
 .debug_str     0x0000000000000856       0x57 /home/tomas/altera_lite/15.1/nios2eds/bin/gnu/H-x86_64-pc-linux-gnu/bin/../lib/gcc/nios2-elf/4.9.2/../../../../../H-x86_64-pc-linux-gnu/nios2-elf/lib/libsmallc.a(lib_a-nano-mallocr.o)
                                        0x524 (size before relaxing)
 .debug_str     0x00000000000008ad      0x120 /home/tomas/altera_lite/15.1/nios2eds/bin/gnu/H-x86_64-pc-linux-gnu/bin/../lib/gcc/nios2-elf/4.9.2/../../../../../H-x86_64-pc-linux-gnu/nios2-elf/lib/libsmallc.a(lib_a-printf.o)
                                        0x4e2 (size before relaxing)
 .debug_str     0x00000000000009cd       0x60 /home/tomas/altera_lite/15.1/nios2eds/bin/gnu/H-x86_64-pc-linux-gnu/bin/../lib/gcc/nios2-elf/4.9.2/../../../../../H-x86_64-pc-linux-gnu/nios2-elf/lib/libsmallc.a(lib_a-puts.o)
                                        0x4a6 (size before relaxing)
 .debug_str     0x0000000000000a2d       0xcc /home/tomas/altera_lite/15.1/nios2eds/bin/gnu/H-x86_64-pc-linux-gnu/bin/../lib/gcc/nios2-elf/4.9.2/../../../../../H-x86_64-pc-linux-gnu/nios2-elf/lib/libsmallc.a(lib_a-sbrkr.o)
                                        0x48d (size before relaxing)
 .debug_str     0x0000000000000af9       0xc5 /home/tomas/altera_lite/15.1/nios2eds/bin/gnu/H-x86_64-pc-linux-gnu/bin/../lib/gcc/nios2-elf/4.9.2/../../../../../H-x86_64-pc-linux-gnu/nios2-elf/lib/libsmallc.a(lib_a-strlen.o)
                                        0x1be (size before relaxing)
 .debug_str     0x0000000000000bbe      0x1f3 /home/tomas/altera_lite/15.1/nios2eds/bin/gnu/H-x86_64-pc-linux-gnu/bin/../lib/gcc/nios2-elf/4.9.2/../../../../../H-x86_64-pc-linux-gnu/nios2-elf/lib/libsmallc.a(lib_a-vfprintf.o)
                                        0x66b (size before relaxing)
 .debug_str     0x0000000000000db1       0x60 /home/tomas/altera_lite/15.1/nios2eds/bin/gnu/H-x86_64-pc-linux-gnu/bin/../lib/gcc/nios2-elf/4.9.2/../../../../../H-x86_64-pc-linux-gnu/nios2-elf/lib/libsmallc.a(lib_a-fvwrite_small_dev.o)
                                        0x4bd (size before relaxing)
 .debug_str     0x0000000000000e11       0x58 /home/tomas/altera_lite/15.1/nios2eds/bin/gnu/H-x86_64-pc-linux-gnu/bin/../lib/gcc/nios2-elf/4.9.2/../../../../../H-x86_64-pc-linux-gnu/nios2-elf/lib/libsmallc.a(lib_a-impure.o)
                                        0x497 (size before relaxing)
 .debug_str     0x0000000000000e69       0x3c /home/tomas/altera_lite/15.1/nios2eds/bin/gnu/H-x86_64-pc-linux-gnu/bin/../lib/gcc/nios2-elf/4.9.2/../../../../../H-x86_64-pc-linux-gnu/nios2-elf/lib/libsmallc.a(lib_a-int_errno.o)